192.168.1.40 - - [25/May/2025:23:41:51 +0300] "DELETE /register HTTP/1.1" 401 3871 "https://www.mysite.com/" "Mozilla/5.0 (Windows NT 10.0; Win64; x64) AppleWebKit/537.36 (KHTML, like Gecko) Chrome/58.0.3029.110 Safari/537.36"
192.168.1.27 - - [25/May/2025:23:41:51 +0300] "POST /blog HTTP/1.1" 401 8120 "https://www.mysite.com/" "Mozilla/5.0 (Windows NT 10.0; Win64; x64) AppleWebKit/537.36 (KHTML, like Gecko) Chrome/62.0.3202.94 Safari/537.36"
192.168.1.3 - - [25/May/2025:23:41:51 +0300] "PUT /login HTTP/1.1" 201 7611 "-" "Mozilla/5.0 (Windows NT 10.0; WOW64) AppleWebKit/537.36 (KHTML, like Gecko) Chrome/58.0.3029.110 Safari/537.36 OPR/45.0.2552.898"
192.168.1.45 - - [25/May/2025:23:41:51 +0300] "GET /login HTTP/1.1" 401 5704 "https://www.example.com/" "Mozilla/5.0 (Windows NT 10.0; WOW64) AppleWebKit/537.36 (KHTML, like Gecko) Chrome/58.0.3029.110 Safari/537.36 OPR/45.0.2552.898"
192.168.1.11 - - [25/May/2025:23:41:51 +0300] "GET /login HTTP/1.1" 401 708 "https://www.google.com/" "Mozilla/5.0 (Windows NT 6.1; WOW64; rv:54.0) Gecko/20100101 Firefox/54.0"
192.168.1.24 - - [25/May/2025:23:41:51 +0300] "POST /about HTTP/1.1" 500 8419 "https://www.mysite.com/" "Mozilla/5.0 (Windows NT 10.0; Win64; x64) AppleWebKit/537.36 (KHTML, like Gecko) Chrome/62.0.3202.94 Safari/537.36"
192.168.1.11 - - [25/May/2025:23:41:51 +0300] "PUT /home HTTP/1.1" 500 1135 "https://www.mysite.com/" "Mozilla/5.0 (Windows NT 10.0; WOW64) AppleWebKit/537.36 (KHTML, like Gecko) Chrome/58.0.3029.110 Safari/537.36 OPR/45.0.2552.898"
192.168.1.7 - - [25/May/2025:23:41:51 +0300] "PUT /login HTTP/1.1" 404 1239 "https://www.google.com/" "Mozilla/5.0 (Windows NT 10.0; Win64; x64) AppleWebKit/537.36 (KHTML, like Gecko) Chrome/62.0.3202.94 Safari/537.36"
192.168.1.34 - - [25/May/2025:23:41:51 +0300] "GET /register HTTP/1.1" 500 1601 "https://www.facebook.com/" "Mozilla/5.0 (Windows NT 10.0; Win64; x64; rv:54.0) Gecko/20100101 Firefox/54.0"
2001:db8:0:1:0:0:0:a - - [25/May/2025:23:41:51 +0300] "PUT /blog HTTP/1.1" 301 5593 "https://www.facebook.com/" "Mozilla/5.0 (Windows NT 6.1; WOW64; Trident/7.0; AS; rv:11.0) like Gecko"
192.168.1.35 - - [25/May/2025:23:41:51 +0300] "GET /login HTTP/1.1" 400 5584 "https://www.example.com/" "Mozilla/5.0 (Windows NT 10.0; Win64; x64) AppleWebKit/537.36 (KHTML, like Gecko) Chrome/62.0.3202.94 Safari/537.36"
2001:db8:0:1:0:0:0:1 - - [25/May/2025:23:41:51 +0300] "PUT /blog HTTP/1.1" 404 1472 "https://www.mysite.com/" "Mozilla/5.0 (Windows NT 6.1; WOW64; Trident/7.0; AS; rv:11.0) like Gecko"
2001:db8:0:1:0:0:0:9 - - [25/May/2025:23:41:51 +0300] "GET /register HTTP/1.1" 404 1890 "https://www.example.com/" "Mozilla/5.0 (Windows NT 10.0; Win64; x64) AppleWebKit/537.36 (KHTML, like Gecko) Chrome/62.0.3202.94 Safari/537.36"
192.168.1.32 - - [25/May/2025:23:41:51 +0300] "POST /home HTTP/1.1" 301 4191 "https://www.google.com/" "Mozilla/5.0 (Windows NT 10.0; Win64; x64; rv:54.0) Gecko/20100101 Firefox/54.0"
2001:db8:0:1:0:0:0:4 - - [25/May/2025:23:41:51 +0300] "GET /blog HTTP/1.1" 200 4034 "https://www.facebook.com/" "Mozilla/5.0 (Windows NT 10.0; Win64; x64) AppleWebKit/537.36 (KHTML, like Gecko) Chrome/58.0.3029.110 Safari/537.36"
2001:db8:0:1:0:0:0:1 - - [25/May/2025:23:41:51 +0300] "DELETE /about HTTP/1.1" 403 8488 "https://www.example.com/" "Mozilla/5.0 (Windows NT 6.1; WOW64; Trident/7.0; AS; rv:11.0) like Gecko"
192.168.1.31 - - [25/May/2025:23:41:51 +0300] "DELETE /blog HTTP/1.1" 401 8245 "https://www.mysite.com/" "Mozilla/5.0 (Windows NT 6.1; WOW64; Trident/7.0; AS; rv:11.0) like Gecko"
2001:db8:0:1:0:0:0:8 - - [25/May/2025:23:41:51 +0300] "POST /about HTTP/1.1" 301 9360 "https://www.google.com/" "Mozilla/5.0 (Windows NT 10.0; WOW64) AppleWebKit/537.36 (KHTML, like Gecko) Chrome/58.0.3029.110 Safari/537.36 OPR/45.0.2552.898"
192.168.1.5 - - [25/May/2025:23:41:51 +0300] "GET /blog HTTP/1.1" 302 860 "https://www.facebook.com/" "Mozilla/5.0 (Windows NT 10.0; Win64; x64) AppleWebKit/537.36 (KHTML, like Gecko) Chrome/62.0.3202.94 Safari/537.36"
192.168.1.19 - - [25/May/2025:23:41:51 +0300] "GET /about HTTP/1.1" 400 4706 "https://www.example.com/" "Mozilla/5.0 (Windows NT 6.1; WOW64; rv:54.0) Gecko/20100101 Firefox/54.0"
192.168.1.26 - - [25/May/2025:23:41:51 +0300] "POST /home HTTP/1.1" 301 4038 "https://www.facebook.com/" "Mozilla/5.0 (Windows NT 10.0; Win64; x64; rv:54.0) Gecko/20100101 Firefox/54.0"
192.168.1.37 - - [25/May/2025:23:41:51 +0300] "POST /about HTTP/1.1" 204 1755 "https://www.google.com/" "Mozilla/5.0 (Windows NT 6.1; WOW64; Trident/7.0; AS; rv:11.0) like Gecko"
192.168.1.39 - - [25/May/2025:23:41:51 +0300] "POST /news HTTP/1.1" 204 3752 "https://www.example.com/" "Mozilla/5.0 (Windows NT 10.0; Win64; x64) AppleWebKit/537.36 (KHTML, like Gecko) Chrome/58.0.3029.110 Safari/537.36"
192.168.1.31 - - [25/May/2025:23:41:51 +0300] "PUT /home HTTP/1.1" 302 2224 "-" "Mozilla/5.0 (Windows NT 6.1; WOW64; rv:54.0) Gecko/20100101 Firefox/54.0"
192.168.1.12 - - [25/May/2025:23:41:51 +0300] "GET /posts HTTP/1.1" 204 4930 "-" "Mozilla/5.0 (Windows NT 10.0; Win64; x64; rv:54.0) Gecko/20100101 Firefox/54.0"
192.168.1.13 - - [25/May/2025:23:41:51 +0300] "DELETE /register HTTP/1.1" 500 9052 "https://www.google.com/" "Mozilla/5.0 (Windows NT 10.0; Win64; x64; rv:54.0) Gecko/20100101 Firefox/54.0"
2001:db8:0:1:0:0:0:2 - - [25/May/2025:23:41:51 +0300] "POST /register HTTP/1.1" 401 5604 "https://www.example.com/" "Mozilla/5.0 (Windows NT 6.1; WOW64; rv:54.0) Gecko/20100101 Firefox/54.0"
192.168.1.14 - - [25/May/2025:23:41:51 +0300] "PUT /login HTTP/1.1" 301 6780 "-" "Mozilla/5.0 (Windows NT 10.0; WOW64) AppleWebKit/537.36 (KHTML, like Gecko) Chrome/58.0.3029.110 Safari/537.36 OPR/45.0.2552.898"
192.168.1.5 - - [25/May/2025:23:41:51 +0300] "PUT /blog HTTP/1.1" 404 1462 "https://www.google.com/" "Mozilla/5.0 (Windows NT 10.0; Win64; x64) AppleWebKit/537.36 (KHTML, like Gecko) Chrome/62.0.3202.94 Safari/537.36"
192.168.1.37 - - [25/May/2025:23:41:51 +0300] "DELETE /posts HTTP/1.1" 401 5276 "https://www.example.com/" "Mozilla/5.0 (Windows NT 10.0; Win64; x64) AppleWebKit/537.36 (KHTML, like Gecko) Chrome/58.0.3029.110 Safari/537.36"
192.168.1.25 - - [25/May/2025:23:41:51 +0300] "POST /news HTTP/1.1" 204 9077 "-" "Mozilla/5.0 (Windows NT 6.1; WOW64; Trident/7.0; AS; rv:11.0) like Gecko"
192.168.1.39 - - [25/May/2025:23:41:51 +0300] "DELETE /news HTTP/1.1" 302 4694 "https://www.google.com/" "Mozilla/5.0 (Windows NT 10.0; WOW64) AppleWebKit/537.36 (KHTML, like Gecko) Chrome/58.0.3029.110 Safari/537.36 OPR/45.0.2552.898"
192.168.1.17 - - [25/May/2025:23:41:51 +0300] "DELETE /register HTTP/1.1" 500 7732 "https://www.facebook.com/" "Mozilla/5.0 (Windows NT 10.0; Win64; x64) AppleWebKit/537.36 (KHTML, like Gecko) Chrome/62.0.3202.94 Safari/537.36"
2001:db8:0:1:0:0:0:b - - [25/May/2025:23:41:51 +0300] "GET /posts HTTP/1.1" 204 5239 "https://www.mysite.com/" "Mozilla/5.0 (Windows NT 6.1; WOW64; Trident/7.0; AS; rv:11.0) like Gecko"
2001:db8:0:1:0:0:0:8 - - [25/May/2025:23:41:51 +0300] "POST /about HTTP/1.1" 301 9504 "https://www.example.com/" "Mozilla/5.0 (Windows NT 10.0; Win64; x64; rv:54.0) Gecko/20100101 Firefox/54.0"
192.168.1.35 - - [25/May/2025:23:41:51 +0300] "POST /register HTTP/1.1" 302 8054 "https://www.facebook.com/" "Mozilla/5.0 (Windows NT 6.1; WOW64; rv:54.0) Gecko/20100101 Firefox/54.0"
2001:db8:0:1:0:0:0:e - - [25/May/2025:23:41:51 +0300] "POST /blog HTTP/1.1" 400 6054 "https://www.facebook.com/" "Mozilla/5.0 (Windows NT 6.1; WOW64; rv:54.0) Gecko/20100101 Firefox/54.0"
192.168.1.22 - - [25/May/2025:23:41:51 +0300] "PUT /news HTTP/1.1" 403 4628 "https://www.google.com/" "Mozilla/5.0 (Windows NT 6.1; WOW64; rv:54.0) Gecko/20100101 Firefox/54.0"
192.168.1.10 - - [25/May/2025:23:41:51 +0300] "POST /about HTTP/1.1" 301 8769 "https://www.example.com/" "Mozilla/5.0 (Windows NT 10.0; Win64; x64) AppleWebKit/537.36 (KHTML, like Gecko) Chrome/58.0.3029.110 Safari/537.36"
192.168.1.17 - - [25/May/2025:23:41:51 +0300] "GET /blog HTTP/1.1" 500 1328 "https://www.mysite.com/" "Mozilla/5.0 (Windows NT 10.0; Win64; x64) AppleWebKit/537.36 (KHTML, like Gecko) Chrome/62.0.3202.94 Safari/537.36"
192.168.1.41 - - [25/May/2025:23:41:51 +0300] "DELETE /register HTTP/1.1" 204 8318 "https://www.facebook.com/" "Mozilla/5.0 (Windows NT 6.1; WOW64; rv:54.0) Gecko/20100101 Firefox/54.0"
192.168.1.7 - - [25/May/2025:23:41:51 +0300] "DELETE /blog HTTP/1.1" 204 5578 "https://www.example.com/" "Mozilla/5.0 (Windows NT 6.1; WOW64; Trident/7.0; AS; rv:11.0) like Gecko"
192.168.1.19 - - [25/May/2025:23:41:51 +0300] "GET /posts HTTP/1.1" 204 458 "-" "Mozilla/5.0 (Windows NT 6.1; WOW64; Trident/7.0; AS; rv:11.0) like Gecko"
192.168.1.40 - - [25/May/2025:23:41:51 +0300] "GET /register HTTP/1.1" 500 8322 "https://www.mysite.com/" "Mozilla/5.0 (Windows NT 10.0; Win64; x64; rv:54.0) Gecko/20100101 Firefox/54.0"
192.168.1.2 - - [25/May/2025:23:41:51 +0300] "DELETE /posts HTTP/1.1" 302 5791 "https://www.mysite.com/" "Mozilla/5.0 (Windows NT 10.0; Win64; x64; rv:54.0) Gecko/20100101 Firefox/54.0"
2001:db8:0:1:0:0:0:c - - [25/May/2025:23:41:51 +0300] "POST /blog HTTP/1.1" 403 7680 "https://www.facebook.com/" "Mozilla/5.0 (Windows NT 10.0; Win64; x64) AppleWebKit/537.36 (KHTML, like Gecko) Chrome/62.0.3202.94 Safari/537.36"
192.168.1.19 - - [25/May/2025:23:41:51 +0300] "PUT /home HTTP/1.1" 204 7198 "https://www.google.com/" "Mozilla/5.0 (Windows NT 10.0; Win64; x64) AppleWebKit/537.36 (KHTML, like Gecko) Chrome/62.0.3202.94 Safari/537.36"
192.168.1.31 - - [25/May/2025:23:41:51 +0300] "POST /about HTTP/1.1" 500 4576 "https://www.facebook.com/" "Mozilla/5.0 (Windows NT 10.0; WOW64) AppleWebKit/537.36 (KHTML, like Gecko) Chrome/58.0.3029.110 Safari/537.36 OPR/45.0.2552.898"
192.168.1.15 - - [25/May/2025:23:41:51 +0300] "DELETE /posts HTTP/1.1" 400 3993 "https://www.google.com/" "Mozilla/5.0 (Windows NT 10.0; Win64; x64) AppleWebKit/537.36 (KHTML, like Gecko) Chrome/62.0.3202.94 Safari/537.36"
192.168.1.2 - - [25/May/2025:23:41:51 +0300] "POST /about HTTP/1.1" 500 3381 "https://www.google.com/" "Mozilla/5.0 (Windows NT 10.0; Win64; x64) AppleWebKit/537.36 (KHTML, like Gecko) Chrome/58.0.3029.110 Safari/537.36"
192.168.1.46 - - [25/May/2025:23:41:51 +0300] "POST /register HTTP/1.1" 401 4661 "https://www.facebook.com/" "Mozilla/5.0 (Windows NT 10.0; WOW64) AppleWebKit/537.36 (KHTML, like Gecko) Chrome/58.0.3029.110 Safari/537.36 OPR/45.0.2552.898"
192.168.1.50 - - [25/May/2025:23:41:51 +0300] "PUT /posts HTTP/1.1" 301 1110 "https://www.example.com/" "Mozilla/5.0 (Windows NT 6.1; WOW64; Trident/7.0; AS; rv:11.0) like Gecko"
2001:db8:0:1:0:0:0:c - - [25/May/2025:23:41:51 +0300] "GET /home HTTP/1.1" 200 941 "https://www.facebook.com/" "Mozilla/5.0 (Windows NT 10.0; Win64; x64) AppleWebKit/537.36 (KHTML, like Gecko) Chrome/58.0.3029.110 Safari/537.36"
192.168.1.14 - - [25/May/2025:23:41:51 +0300] "POST /login HTTP/1.1" 401 3709 "https://www.facebook.com/" "Mozilla/5.0 (Windows NT 10.0; Win64; x64; rv:54.0) Gecko/20100101 Firefox/54.0"
192.168.1.23 - - [25/May/2025:23:41:51 +0300] "GET /about HTTP/1.1" 403 6112 "https://www.facebook.com/" "Mozilla/5.0 (Windows NT 6.1; WOW64; rv:54.0) Gecko/20100101 Firefox/54.0"
192.168.1.41 - - [25/May/2025:23:41:51 +0300] "DELETE /news HTTP/1.1" 201 2798 "https://www.example.com/" "Mozilla/5.0 (Windows NT 6.1; WOW64; Trident/7.0; AS; rv:11.0) like Gecko"
192.168.1.46 - - [25/May/2025:23:41:51 +0300] "POST /about HTTP/1.1" 404 416 "https://www.example.com/" "Mozilla/5.0 (Windows NT 10.0; Win64; x64) AppleWebKit/537.36 (KHTML, like Gecko) Chrome/62.0.3202.94 Safari/537.36"
192.168.1.30 - - [25/May/2025:23:41:51 +0300] "PUT /about HTTP/1.1" 302 5130 "https://www.google.com/" "Mozilla/5.0 (Windows NT 10.0; Win64; x64; rv:54.0) Gecko/20100101 Firefox/54.0"
2001:db8:0:1:0:0:0:1 - - [25/May/2025:23:41:51 +0300] "POST /news HTTP/1.1" 401 5592 "https://www.mysite.com/" "Mozilla/5.0 (Windows NT 6.1; WOW64; Trident/7.0; AS; rv:11.0) like Gecko"
192.168.1.28 - - [25/May/2025:23:41:51 +0300] "PUT /news HTTP/1.1" 400 2333 "-" "Mozilla/5.0 (Windows NT 10.0; Win64; x64) AppleWebKit/537.36 (KHTML, like Gecko) Chrome/58.0.3029.110 Safari/537.36"
192.168.1.43 - - [25/May/2025:23:41:51 +0300] "GET /news HTTP/1.1" 301 315 "https://www.facebook.com/" "Mozilla/5.0 (Windows NT 6.1; WOW64; Trident/7.0; AS; rv:11.0) like Gecko"
192.168.1.12 - - [25/May/2025:23:41:51 +0300] "PUT /posts HTTP/1.1" 200 1831 "https://www.google.com/" "Mozilla/5.0 (Windows NT 10.0; Win64; x64; rv:54.0) Gecko/20100101 Firefox/54.0"
192.168.1.49 - - [25/May/2025:23:41:51 +0300] "GET /login HTTP/1.1" 403 1608 "-" "Mozilla/5.0 (Windows NT 10.0; Win64; x64; rv:54.0) Gecko/20100101 Firefox/54.0"
2001:db8:0:1:0:0:0:e - - [25/May/2025:23:41:51 +0300] "PUT /register HTTP/1.1" 400 3898 "https://www.facebook.com/" "Mozilla/5.0 (Windows NT 10.0; Win64; x64) AppleWebKit/537.36 (KHTML, like Gecko) Chrome/62.0.3202.94 Safari/537.36"
192.168.1.33 - - [25/May/2025:23:41:51 +0300] "GET /news HTTP/1.1" 201 6018 "https://www.example.com/" "Mozilla/5.0 (Windows NT 6.1; WOW64; Trident/7.0; AS; rv:11.0) like Gecko"
192.168.1.48 - - [25/May/2025:23:41:51 +0300] "GET /login HTTP/1.1" 302 8444 "https://www.facebook.com/" "Mozilla/5.0 (Windows NT 10.0; WOW64) AppleWebKit/537.36 (KHTML, like Gecko) Chrome/58.0.3029.110 Safari/537.36 OPR/45.0.2552.898"
192.168.1.45 - - [25/May/2025:23:41:51 +0300] "DELETE /login HTTP/1.1" 201 7390 "-" "Mozilla/5.0 (Windows NT 6.1; WOW64; rv:54.0) Gecko/20100101 Firefox/54.0"
192.168.1.45 - - [25/May/2025:23:41:51 +0300] "POST /news HTTP/1.1" 500 693 "https://www.mysite.com/" "Mozilla/5.0 (Windows NT 10.0; Win64; x64) AppleWebKit/537.36 (KHTML, like Gecko) Chrome/58.0.3029.110 Safari/537.36"
192.168.1.24 - - [25/May/2025:23:41:51 +0300] "DELETE /about HTTP/1.1" 204 2699 "https://www.mysite.com/" "Mozilla/5.0 (Windows NT 6.1; WOW64; rv:54.0) Gecko/20100101 Firefox/54.0"
192.168.1.10 - - [25/May/2025:23:41:51 +0300] "PUT /news HTTP/1.1" 500 682 "https://www.google.com/" "Mozilla/5.0 (Windows NT 10.0; WOW64) AppleWebKit/537.36 (KHTML, like Gecko) Chrome/58.0.3029.110 Safari/537.36 OPR/45.0.2552.898"
192.168.1.3 - - [25/May/2025:23:41:51 +0300] "GET /register HTTP/1.1" 204 8123 "https://www.google.com/" "Mozilla/5.0 (Windows NT 10.0; Win64; x64) AppleWebKit/537.36 (KHTML, like Gecko) Chrome/62.0.3202.94 Safari/537.36"
192.168.1.41 - - [25/May/2025:23:41:51 +0300] "POST /home HTTP/1.1" 400 4439 "https://www.mysite.com/" "Mozilla/5.0 (Windows NT 10.0; Win64; x64; rv:54.0) Gecko/20100101 Firefox/54.0"
2001:db8:0:1:0:0:0:b - - [25/May/2025:23:41:51 +0300] "POST /posts HTTP/1.1" 301 3246 "-" "Mozilla/5.0 (Windows NT 6.1; WOW64; rv:54.0) Gecko/20100101 Firefox/54.0"
192.168.1.38 - - [25/May/2025:23:41:51 +0300] "GET /about HTTP/1.1" 400 3251 "-" "Mozilla/5.0 (Windows NT 10.0; Win64; x64; rv:54.0) Gecko/20100101 Firefox/54.0"
2001:db8:0:1:0:0:0:9 - - [25/May/2025:23:41:51 +0300] "GET /register HTTP/1.1" 401 5132 "https://www.mysite.com/" "Mozilla/5.0 (Windows NT 10.0; Win64; x64) AppleWebKit/537.36 (KHTML, like Gecko) Chrome/62.0.3202.94 Safari/537.36"
192.168.1.18 - - [25/May/2025:23:41:51 +0300] "PUT /about HTTP/1.1" 200 7511 "-" "Mozilla/5.0 (Windows NT 6.1; WOW64; Trident/7.0; AS; rv:11.0) like Gecko"
2001:db8:0:1:0:0:0:b - - [25/May/2025:23:41:51 +0300] "PUT /blog HTTP/1.1" 401 8366 "-" "Mozilla/5.0 (Windows NT 10.0; Win64; x64; rv:54.0) Gecko/20100101 Firefox/54.0"
192.168.1.46 - - [25/May/2025:23:41:51 +0300] "POST /blog HTTP/1.1" 403 1658 "https://www.example.com/" "Mozilla/5.0 (Windows NT 6.1; WOW64; Trident/7.0; AS; rv:11.0) like Gecko"
2001:db8:0:1:0:0:0:8 - - [25/May/2025:23:41:51 +0300] "POST /about HTTP/1.1" 200 5548 "-" "Mozilla/5.0 (Windows NT 10.0; Win64; x64; rv:54.0) Gecko/20100101 Firefox/54.0"
2001:db8:0:1:0:0:0:1 - - [25/May/2025:23:41:51 +0300] "DELETE /news HTTP/1.1" 301 2987 "https://www.facebook.com/" "Mozilla/5.0 (Windows NT 10.0; WOW64) AppleWebKit/537.36 (KHTML, like Gecko) Chrome/58.0.3029.110 Safari/537.36 OPR/45.0.2552.898"
192.168.1.11 - - [25/May/2025:23:41:51 +0300] "DELETE /news HTTP/1.1" 201 4360 "https://www.example.com/" "Mozilla/5.0 (Windows NT 10.0; Win64; x64) AppleWebKit/537.36 (KHTML, like Gecko) Chrome/58.0.3029.110 Safari/537.36"
192.168.1.6 - - [25/May/2025:23:41:51 +0300] "POST /register HTTP/1.1" 400 2731 "https://www.mysite.com/" "Mozilla/5.0 (Windows NT 10.0; WOW64) AppleWebKit/537.36 (KHTML, like Gecko) Chrome/58.0.3029.110 Safari/537.36 OPR/45.0.2552.898"
2001:db8:0:1:0:0:0:3 - - [25/May/2025:23:41:51 +0300] "DELETE /news HTTP/1.1" 302 4249 "https://www.example.com/" "Mozilla/5.0 (Windows NT 6.1; WOW64; rv:54.0) Gecko/20100101 Firefox/54.0"
192.168.1.25 - - [25/May/2025:23:41:51 +0300] "PUT /posts HTTP/1.1" 403 3073 "https://www.mysite.com/" "Mozilla/5.0 (Windows NT 6.1; WOW64; Trident/7.0; AS; rv:11.0) like Gecko"
192.168.1.28 - - [25/May/2025:23:41:51 +0300] "GET /posts HTTP/1.1" 200 289 "https://www.example.com/" "Mozilla/5.0 (Windows NT 6.1; WOW64; Trident/7.0; AS; rv:11.0) like Gecko"
192.168.1.22 - - [25/May/2025:23:41:51 +0300] "POST /register HTTP/1.1" 301 690 "https://www.facebook.com/" "Mozilla/5.0 (Windows NT 10.0; Win64; x64) AppleWebKit/537.36 (KHTML, like Gecko) Chrome/62.0.3202.94 Safari/537.36"
192.168.1.45 - - [25/May/2025:23:41:51 +0300] "GET /posts HTTP/1.1" 200 7726 "-" "Mozilla/5.0 (Windows NT 10.0; WOW64) AppleWebKit/537.36 (KHTML, like Gecko) Chrome/58.0.3029.110 Safari/537.36 OPR/45.0.2552.898"
2001:db8:0:1:0:0:0:3 - - [25/May/2025:23:41:51 +0300] "GET /news HTTP/1.1" 401 1404 "https://www.example.com/" "Mozilla/5.0 (Windows NT 6.1; WOW64; Trident/7.0; AS; rv:11.0) like Gecko"
192.168.1.47 - - [25/May/2025:23:41:51 +0300] "DELETE /about HTTP/1.1" 201 8693 "https://www.facebook.com/" "Mozilla/5.0 (Windows NT 6.1; WOW64; Trident/7.0; AS; rv:11.0) like Gecko"
192.168.1.35 - - [25/May/2025:23:41:51 +0300] "PUT /home HTTP/1.1" 500 4303 "https://www.mysite.com/" "Mozilla/5.0 (Windows NT 6.1; WOW64; rv:54.0) Gecko/20100101 Firefox/54.0"
192.168.1.36 - - [25/May/2025:23:41:51 +0300] "POST /posts HTTP/1.1" 401 8435 "https://www.example.com/" "Mozilla/5.0 (Windows NT 10.0; Win64; x64; rv:54.0) Gecko/20100101 Firefox/54.0"
192.168.1.27 - - [25/May/2025:23:41:51 +0300] "PUT /blog HTTP/1.1" 400 8361 "https://www.mysite.com/" "Mozilla/5.0 (Windows NT 10.0; WOW64) AppleWebKit/537.36 (KHTML, like Gecko) Chrome/58.0.3029.110 Safari/537.36 OPR/45.0.2552.898"
2001:db8:0:1:0:0:0:8 - - [25/May/2025:23:41:51 +0300] "DELETE /login HTTP/1.1" 201 7524 "https://www.mysite.com/" "Mozilla/5.0 (Windows NT 6.1; WOW64; Trident/7.0; AS; rv:11.0) like Gecko"
192.168.1.33 - - [25/May/2025:23:41:51 +0300] "PUT /about HTTP/1.1" 401 7090 "https://www.example.com/" "Mozilla/5.0 (Windows NT 10.0; Win64; x64) AppleWebKit/537.36 (KHTML, like Gecko) Chrome/62.0.3202.94 Safari/537.36"
192.168.1.46 - - [25/May/2025:23:41:51 +0300] "DELETE /login HTTP/1.1" 500 8954 "https://www.facebook.com/" "Mozilla/5.0 (Windows NT 10.0; WOW64) AppleWebKit/537.36 (KHTML, like Gecko) Chrome/58.0.3029.110 Safari/537.36 OPR/45.0.2552.898"
192.168.1.7 - - [25/May/2025:23:41:51 +0300] "DELETE /register HTTP/1.1" 404 7445 "https://www.mysite.com/" "Mozilla/5.0 (Windows NT 10.0; Win64; x64; rv:54.0) Gecko/20100101 Firefox/54.0"
192.168.1.39 - - [25/May/2025:23:41:51 +0300] "PUT /news HTTP/1.1" 400 9017 "https://www.facebook.com/" "Mozilla/5.0 (Windows NT 10.0; Win64; x64) AppleWebKit/537.36 (KHTML, like Gecko) Chrome/58.0.3029.110 Safari/537.36"
192.168.1.44 - - [25/May/2025:23:41:51 +0300] "GET /about HTTP/1.1" 400 8358 "-" "Mozilla/5.0 (Windows NT 10.0; Win64; x64) AppleWebKit/537.36 (KHTML, like Gecko) Chrome/62.0.3202.94 Safari/537.36"
192.168.1.20 - - [25/May/2025:23:41:51 +0300] "POST /about HTTP/1.1" 201 2993 "-" "Mozilla/5.0 (Windows NT 10.0; WOW64) AppleWebKit/537.36 (KHTML, like Gecko) Chrome/58.0.3029.110 Safari/537.36 OPR/45.0.2552.898"
192.168.1.44 - - [25/May/2025:23:41:51 +0300] "DELETE /login HTTP/1.1" 200 9169 "https://www.mysite.com/" "Mozilla/5.0 (Windows NT 6.1; WOW64; rv:54.0) Gecko/20100101 Firefox/54.0"
192.168.1.28 - - [25/May/2025:23:41:51 +0300] "POST /news HTTP/1.1" 201 2931 "https://www.facebook.com/" "Mozilla/5.0 (Windows NT 6.1; WOW64; rv:54.0) Gecko/20100101 Firefox/54.0"
192.168.1.13 - - [25/May/2025:23:41:51 +0300] "GET /home HTTP/1.1" 302 698 "https://www.example.com/" "Mozilla/5.0 (Windows NT 6.1; WOW64; Trident/7.0; AS; rv:11.0) like Gecko"
192.168.1.15 - - [25/May/2025:23:41:51 +0300] "POST /about HTTP/1.1" 204 986 "https://www.google.com/" "Mozilla/5.0 (Windows NT 10.0; WOW64) AppleWebKit/537.36 (KHTML, like Gecko) Chrome/58.0.3029.110 Safari/537.36 OPR/45.0.2552.898"
2001:db8:0:1:0:0:0:8 - - [25/May/2025:23:41:51 +0300] "POST /posts HTTP/1.1" 302 8056 "-" "Mozilla/5.0 (Windows NT 10.0; Win64; x64) AppleWebKit/537.36 (KHTML, like Gecko) Chrome/58.0.3029.110 Safari/537.36"
192.168.1.31 - - [25/May/2025:23:41:51 +0300] "POST /home HTTP/1.1" 400 7692 "https://www.google.com/" "Mozilla/5.0 (Windows NT 10.0; WOW64) AppleWebKit/537.36 (KHTML, like Gecko) Chrome/58.0.3029.110 Safari/537.36 OPR/45.0.2552.898"
192.168.1.24 - - [25/May/2025:23:41:51 +0300] "PUT /login HTTP/1.1" 200 2963 "-" "Mozilla/5.0 (Windows NT 10.0; WOW64) AppleWebKit/537.36 (KHTML, like Gecko) Chrome/58.0.3029.110 Safari/537.36 OPR/45.0.2552.898"
2001:db8:0:1:0:0:0:1 - - [25/May/2025:23:41:51 +0300] "DELETE /login HTTP/1.1" 403 5008 "https://www.example.com/" "Mozilla/5.0 (Windows NT 10.0; Win64; x64) AppleWebKit/537.36 (KHTML, like Gecko) Chrome/58.0.3029.110 Safari/537.36"
2001:db8:0:1:0:0:0:5 - - [25/May/2025:23:41:51 +0300] "DELETE /register HTTP/1.1" 400 9359 "https://www.facebook.com/" "Mozilla/5.0 (Windows NT 10.0; Win64; x64) AppleWebKit/537.36 (KHTML, like Gecko) Chrome/62.0.3202.94 Safari/537.36"
192.168.1.28 - - [25/May/2025:23:41:51 +0300] "POST /login HTTP/1.1" 403 248 "https://www.mysite.com/" "Mozilla/5.0 (Windows NT 10.0; WOW64) AppleWebKit/537.36 (KHTML, like Gecko) Chrome/58.0.3029.110 Safari/537.36 OPR/45.0.2552.898"
192.168.1.29 - - [25/May/2025:23:41:51 +0300] "PUT /about HTTP/1.1" 404 2830 "https://www.google.com/" "Mozilla/5.0 (Windows NT 6.1; WOW64; rv:54.0) Gecko/20100101 Firefox/54.0"
192.168.1.9 - - [25/May/2025:23:41:51 +0300] "GET /register HTTP/1.1" 400 4363 "-" "Mozilla/5.0 (Windows NT 6.1; WOW64; rv:54.0) Gecko/20100101 Firefox/54.0"
192.168.1.6 - - [25/May/2025:23:41:51 +0300] "GET /news HTTP/1.1" 201 6090 "https://www.example.com/" "Mozilla/5.0 (Windows NT 10.0; Win64; x64; rv:54.0) Gecko/20100101 Firefox/54.0"
192.168.1.49 - - [25/May/2025:23:41:51 +0300] "GET /blog HTTP/1.1" 302 3728 "https://www.google.com/" "Mozilla/5.0 (Windows NT 10.0; Win64; x64) AppleWebKit/537.36 (KHTML, like Gecko) Chrome/62.0.3202.94 Safari/537.36"
2001:db8:0:1:0:0:0:9 - - [25/May/2025:23:41:51 +0300] "GET /about HTTP/1.1" 403 8092 "https://www.google.com/" "Mozilla/5.0 (Windows NT 6.1; WOW64; Trident/7.0; AS; rv:11.0) like Gecko"
192.168.1.35 - - [25/May/2025:23:41:51 +0300] "DELETE /blog HTTP/1.1" 404 930 "https://www.google.com/" "Mozilla/5.0 (Windows NT 10.0; Win64; x64; rv:54.0) Gecko/20100101 Firefox/54.0"
192.168.1.49 - - [25/May/2025:23:41:51 +0300] "GET /news HTTP/1.1" 204 560 "https://www.example.com/" "Mozilla/5.0 (Windows NT 10.0; Win64; x64) AppleWebKit/537.36 (KHTML, like Gecko) Chrome/62.0.3202.94 Safari/537.36"
2001:db8:0:1:0:0:0:1 - - [25/May/2025:23:41:51 +0300] "GET /posts HTTP/1.1" 403 4234 "-" "Mozilla/5.0 (Windows NT 10.0; WOW64) AppleWebKit/537.36 (KHTML, like Gecko) Chrome/58.0.3029.110 Safari/537.36 OPR/45.0.2552.898"
192.168.1.11 - - [25/May/2025:23:41:51 +0300] "POST /home HTTP/1.1" 500 7009 "https://www.example.com/" "Mozilla/5.0 (Windows NT 10.0; Win64; x64) AppleWebKit/537.36 (KHTML, like Gecko) Chrome/58.0.3029.110 Safari/537.36"
192.168.1.17 - - [25/May/2025:23:41:51 +0300] "GET /about HTTP/1.1" 403 1307 "https://www.facebook.com/" "Mozilla/5.0 (Windows NT 6.1; WOW64; Trident/7.0; AS; rv:11.0) like Gecko"
192.168.1.26 - - [25/May/2025:23:41:51 +0300] "DELETE /posts HTTP/1.1" 404 4550 "https://www.facebook.com/" "Mozilla/5.0 (Windows NT 10.0; WOW64) AppleWebKit/537.36 (KHTML, like Gecko) Chrome/58.0.3029.110 Safari/537.36 OPR/45.0.2552.898"
2001:db8:0:1:0:0:0:a - - [25/May/2025:23:41:51 +0300] "DELETE /blog HTTP/1.1" 201 4342 "https://www.mysite.com/" "Mozilla/5.0 (Windows NT 6.1; WOW64; rv:54.0) Gecko/20100101 Firefox/54.0"
192.168.1.31 - - [25/May/2025:23:41:51 +0300] "POST /news HTTP/1.1" 301 5976 "https://www.facebook.com/" "Mozilla/5.0 (Windows NT 10.0; Win64; x64; rv:54.0) Gecko/20100101 Firefox/54.0"
192.168.1.25 - - [25/May/2025:23:41:51 +0300] "GET /register HTTP/1.1" 400 9691 "-" "Mozilla/5.0 (Windows NT 10.0; WOW64) AppleWebKit/537.36 (KHTML, like Gecko) Chrome/58.0.3029.110 Safari/537.36 OPR/45.0.2552.898"
192.168.1.43 - - [25/May/2025:23:41:51 +0300] "DELETE /posts HTTP/1.1" 201 1756 "https://www.facebook.com/" "Mozilla/5.0 (Windows NT 10.0; WOW64) AppleWebKit/537.36 (KHTML, like Gecko) Chrome/58.0.3029.110 Safari/537.36 OPR/45.0.2552.898"
192.168.1.42 - - [25/May/2025:23:41:51 +0300] "GET /about HTTP/1.1" 500 5502 "-" "Mozilla/5.0 (Windows NT 10.0; Win64; x64; rv:54.0) Gecko/20100101 Firefox/54.0"
192.168.1.26 - - [25/May/2025:23:41:51 +0300] "GET /register HTTP/1.1" 401 3567 "https://www.mysite.com/" "Mozilla/5.0 (Windows NT 10.0; WOW64) AppleWebKit/537.36 (KHTML, like Gecko) Chrome/58.0.3029.110 Safari/537.36 OPR/45.0.2552.898"
192.168.1.18 - - [25/May/2025:23:41:51 +0300] "DELETE /home HTTP/1.1" 301 1496 "https://www.example.com/" "Mozilla/5.0 (Windows NT 10.0; Win64; x64; rv:54.0) Gecko/20100101 Firefox/54.0"
192.168.1.1 - - [25/May/2025:23:41:51 +0300] "GET /register HTTP/1.1" 500 3945 "-" "Mozilla/5.0 (Windows NT 10.0; Win64; x64; rv:54.0) Gecko/20100101 Firefox/54.0"
192.168.1.4 - - [25/May/2025:23:41:51 +0300] "PUT /posts HTTP/1.1" 404 1812 "https://www.google.com/" "Mozilla/5.0 (Windows NT 10.0; WOW64) AppleWebKit/537.36 (KHTML, like Gecko) Chrome/58.0.3029.110 Safari/537.36 OPR/45.0.2552.898"
2001:db8:0:1:0:0:0:8 - - [25/May/2025:23:41:51 +0300] "GET /about HTTP/1.1" 500 7931 "https://www.google.com/" "Mozilla/5.0 (Windows NT 6.1; WOW64; Trident/7.0; AS; rv:11.0) like Gecko"
2001:db8:0:1:0:0:0:c - - [25/May/2025:23:41:51 +0300] "POST /register HTTP/1.1" 500 8227 "https://www.example.com/" "Mozilla/5.0 (Windows NT 10.0; Win64; x64; rv:54.0) Gecko/20100101 Firefox/54.0"
2001:db8:0:1:0:0:0:7 - - [25/May/2025:23:41:51 +0300] "GET /posts HTTP/1.1" 301 5805 "https://www.example.com/" "Mozilla/5.0 (Windows NT 10.0; Win64; x64) AppleWebKit/537.36 (KHTML, like Gecko) Chrome/62.0.3202.94 Safari/537.36"
192.168.1.26 - - [25/May/2025:23:41:51 +0300] "GET /home HTTP/1.1" 403 5246 "https://www.example.com/" "Mozilla/5.0 (Windows NT 10.0; Win64; x64) AppleWebKit/537.36 (KHTML, like Gecko) Chrome/58.0.3029.110 Safari/537.36"
192.168.1.38 - - [25/May/2025:23:41:51 +0300] "POST /register HTTP/1.1" 204 7034 "https://www.google.com/" "Mozilla/5.0 (Windows NT 6.1; WOW64; rv:54.0) Gecko/20100101 Firefox/54.0"
192.168.1.41 - - [25/May/2025:23:41:51 +0300] "PUT /home HTTP/1.1" 302 3134 "https://www.facebook.com/" "Mozilla/5.0 (Windows NT 10.0; Win64; x64) AppleWebKit/537.36 (KHTML, like Gecko) Chrome/62.0.3202.94 Safari/537.36"
192.168.1.9 - - [25/May/2025:23:41:51 +0300] "PUT /login HTTP/1.1" 201 1309 "https://www.mysite.com/" "Mozilla/5.0 (Windows NT 6.1; WOW64; rv:54.0) Gecko/20100101 Firefox/54.0"
2001:db8:0:1:0:0:0:d - - [25/May/2025:23:41:51 +0300] "DELETE /blog HTTP/1.1" 204 7685 "https://www.example.com/" "Mozilla/5.0 (Windows NT 6.1; WOW64; rv:54.0) Gecko/20100101 Firefox/54.0"
192.168.1.39 - - [25/May/2025:23:41:51 +0300] "POST /posts HTTP/1.1" 200 2479 "https://www.google.com/" "Mozilla/5.0 (Windows NT 10.0; Win64; x64) AppleWebKit/537.36 (KHTML, like Gecko) Chrome/58.0.3029.110 Safari/537.36"
2001:db8:0:1:0:0:0:8 - - [25/May/2025:23:41:51 +0300] "POST /about HTTP/1.1" 404 5436 "-" "Mozilla/5.0 (Windows NT 10.0; Win64; x64) AppleWebKit/537.36 (KHTML, like Gecko) Chrome/62.0.3202.94 Safari/537.36"
192.168.1.48 - - [25/May/2025:23:41:51 +0300] "GET /register HTTP/1.1" 302 1230 "https://www.example.com/" "Mozilla/5.0 (Windows NT 6.1; WOW64; Trident/7.0; AS; rv:11.0) like Gecko"
192.168.1.37 - - [25/May/2025:23:41:51 +0300] "PUT /about HTTP/1.1" 302 3376 "https://www.facebook.com/" "Mozilla/5.0 (Windows NT 10.0; Win64; x64) AppleWebKit/537.36 (KHTML, like Gecko) Chrome/62.0.3202.94 Safari/537.36"
192.168.1.46 - - [25/May/2025:23:41:51 +0300] "GET /login HTTP/1.1" 404 674 "https://www.example.com/" "Mozilla/5.0 (Windows NT 10.0; WOW64) AppleWebKit/537.36 (KHTML, like Gecko) Chrome/58.0.3029.110 Safari/537.36 OPR/45.0.2552.898"
2001:db8:0:1:0:0:0:a - - [25/May/2025:23:41:51 +0300] "GET /about HTTP/1.1" 401 1290 "https://www.mysite.com/" "Mozilla/5.0 (Windows NT 10.0; Win64; x64; rv:54.0) Gecko/20100101 Firefox/54.0"
192.168.1.23 - - [25/May/2025:23:41:51 +0300] "PUT /home HTTP/1.1" 200 9147 "https://www.facebook.com/" "Mozilla/5.0 (Windows NT 10.0; Win64; x64) AppleWebKit/537.36 (KHTML, like Gecko) Chrome/58.0.3029.110 Safari/537.36"
192.168.1.37 - - [25/May/2025:23:41:51 +0300] "GET /blog HTTP/1.1" 201 4986 "https://www.google.com/" "Mozilla/5.0 (Windows NT 6.1; WOW64; rv:54.0) Gecko/20100101 Firefox/54.0"
192.168.1.19 - - [25/May/2025:23:41:51 +0300] "PUT /news HTTP/1.1" 200 8423 "https://www.google.com/" "Mozilla/5.0 (Windows NT 6.1; WOW64; rv:54.0) Gecko/20100101 Firefox/54.0"
2001:db8:0:1:0:0:0:2 - - [25/May/2025:23:41:51 +0300] "POST /home HTTP/1.1" 404 7520 "https://www.google.com/" "Mozilla/5.0 (Windows NT 10.0; Win64; x64) AppleWebKit/537.36 (KHTML, like Gecko) Chrome/58.0.3029.110 Safari/537.36"
2001:db8:0:1:0:0:0:8 - - [25/May/2025:23:41:51 +0300] "DELETE /posts HTTP/1.1" 204 3785 "-" "Mozilla/5.0 (Windows NT 10.0; Win64; x64; rv:54.0) Gecko/20100101 Firefox/54.0"
192.168.1.16 - - [25/May/2025:23:41:51 +0300] "POST /blog HTTP/1.1" 403 5968 "https://www.google.com/" "Mozilla/5.0 (Windows NT 6.1; WOW64; Trident/7.0; AS; rv:11.0) like Gecko"
192.168.1.43 - - [25/May/2025:23:41:51 +0300] "PUT /blog HTTP/1.1" 301 7025 "https://www.google.com/" "Mozilla/5.0 (Windows NT 10.0; Win64; x64) AppleWebKit/537.36 (KHTML, like Gecko) Chrome/58.0.3029.110 Safari/537.36"
192.168.1.4 - - [25/May/2025:23:41:51 +0300] "GET /blog HTTP/1.1" 301 6291 "-" "Mozilla/5.0 (Windows NT 10.0; WOW64) AppleWebKit/537.36 (KHTML, like Gecko) Chrome/58.0.3029.110 Safari/537.36 OPR/45.0.2552.898"
192.168.1.11 - - [25/May/2025:23:41:51 +0300] "PUT /home HTTP/1.1" 204 2567 "https://www.mysite.com/" "Mozilla/5.0 (Windows NT 10.0; Win64; x64; rv:54.0) Gecko/20100101 Firefox/54.0"
192.168.1.14 - - [25/May/2025:23:41:51 +0300] "POST /login HTTP/1.1" 302 5727 "https://www.example.com/" "Mozilla/5.0 (Windows NT 10.0; Win64; x64; rv:54.0) Gecko/20100101 Firefox/54.0"
2001:db8:0:1:0:0:0:5 - - [25/May/2025:23:41:51 +0300] "PUT /about HTTP/1.1" 404 217 "https://www.mysite.com/" "Mozilla/5.0 (Windows NT 10.0; Win64; x64) AppleWebKit/537.36 (KHTML, like Gecko) Chrome/62.0.3202.94 Safari/537.36"
192.168.1.37 - - [25/May/2025:23:41:51 +0300] "GET /about HTTP/1.1" 204 6705 "-" "Mozilla/5.0 (Windows NT 10.0; Win64; x64) AppleWebKit/537.36 (KHTML, like Gecko) Chrome/58.0.3029.110 Safari/537.36"
192.168.1.9 - - [25/May/2025:23:41:51 +0300] "POST /posts HTTP/1.1" 301 449 "-" "Mozilla/5.0 (Windows NT 6.1; WOW64; Trident/7.0; AS; rv:11.0) like Gecko"
2001:db8:0:1:0:0:0:b - - [25/May/2025:23:41:51 +0300] "POST /news HTTP/1.1" 302 7563 "https://www.google.com/" "Mozilla/5.0 (Windows NT 10.0; Win64; x64) AppleWebKit/537.36 (KHTML, like Gecko) Chrome/62.0.3202.94 Safari/537.36"
192.168.1.34 - - [25/May/2025:23:41:51 +0300] "PUT /register HTTP/1.1" 404 7860 "https://www.facebook.com/" "Mozilla/5.0 (Windows NT 10.0; Win64; x64) AppleWebKit/537.36 (KHTML, like Gecko) Chrome/58.0.3029.110 Safari/537.36"
2001:db8:0:1:0:0:0:2 - - [25/May/2025:23:41:51 +0300] "GET /blog HTTP/1.1" 302 8144 "-" "Mozilla/5.0 (Windows NT 6.1; WOW64; rv:54.0) Gecko/20100101 Firefox/54.0"
192.168.1.12 - - [25/May/2025:23:41:51 +0300] "GET /posts HTTP/1.1" 400 2914 "https://www.example.com/" "Mozilla/5.0 (Windows NT 10.0; Win64; x64) AppleWebKit/537.36 (KHTML, like Gecko) Chrome/62.0.3202.94 Safari/537.36"
192.168.1.10 - - [25/May/2025:23:41:51 +0300] "PUT /login HTTP/1.1" 302 2894 "https://www.facebook.com/" "Mozilla/5.0 (Windows NT 6.1; WOW64; rv:54.0) Gecko/20100101 Firefox/54.0"
192.168.1.2 - - [25/May/2025:23:41:51 +0300] "PUT /about HTTP/1.1" 400 2701 "https://www.example.com/" "Mozilla/5.0 (Windows NT 10.0; WOW64) AppleWebKit/537.36 (KHTML, like Gecko) Chrome/58.0.3029.110 Safari/537.36 OPR/45.0.2552.898"
192.168.1.6 - - [25/May/2025:23:41:51 +0300] "DELETE /home HTTP/1.1" 403 4665 "https://www.facebook.com/" "Mozilla/5.0 (Windows NT 10.0; Win64; x64; rv:54.0) Gecko/20100101 Firefox/54.0"
192.168.1.28 - - [25/May/2025:23:41:51 +0300] "DELETE /login HTTP/1.1" 500 6842 "https://www.facebook.com/" "Mozilla/5.0 (Windows NT 10.0; Win64; x64) AppleWebKit/537.36 (KHTML, like Gecko) Chrome/58.0.3029.110 Safari/537.36"
2001:db8:0:1:0:0:0:8 - - [25/May/2025:23:41:51 +0300] "PUT /blog HTTP/1.1" 204 9041 "https://www.google.com/" "Mozilla/5.0 (Windows NT 10.0; Win64; x64) AppleWebKit/537.36 (KHTML, like Gecko) Chrome/58.0.3029.110 Safari/537.36"
192.168.1.13 - - [25/May/2025:23:41:51 +0300] "PUT /about HTTP/1.1" 400 3259 "https://www.example.com/" "Mozilla/5.0 (Windows NT 10.0; Win64; x64) AppleWebKit/537.36 (KHTML, like Gecko) Chrome/62.0.3202.94 Safari/537.36"
192.168.1.37 - - [25/May/2025:23:41:51 +0300] "GET /blog HTTP/1.1" 500 2870 "-" "Mozilla/5.0 (Windows NT 10.0; Win64; x64) AppleWebKit/537.36 (KHTML, like Gecko) Chrome/58.0.3029.110 Safari/537.36"
2001:db8:0:1:0:0:0:a - - [25/May/2025:23:41:51 +0300] "GET /blog HTTP/1.1" 401 2778 "https://www.mysite.com/" "Mozilla/5.0 (Windows NT 10.0; Win64; x64; rv:54.0) Gecko/20100101 Firefox/54.0"
192.168.1.16 - - [25/May/2025:23:41:51 +0300] "DELETE /login HTTP/1.1" 500 1040 "https://www.google.com/" "Mozilla/5.0 (Windows NT 10.0; Win64; x64; rv:54.0) Gecko/20100101 Firefox/54.0"
192.168.1.19 - - [25/May/2025:23:41:51 +0300] "PUT /news HTTP/1.1" 200 7191 "https://www.google.com/" "Mozilla/5.0 (Windows NT 6.1; WOW64; Trident/7.0; AS; rv:11.0) like Gecko"
2001:db8:0:1:0:0:0:1 - - [25/May/2025:23:41:51 +0300] "GET /about HTTP/1.1" 302 7864 "https://www.mysite.com/" "Mozilla/5.0 (Windows NT 6.1; WOW64; rv:54.0) Gecko/20100101 Firefox/54.0"
2001:db8:0:1:0:0:0:a - - [25/May/2025:23:41:51 +0300] "GET /home HTTP/1.1" 400 542 "-" "Mozilla/5.0 (Windows NT 6.1; WOW64; Trident/7.0; AS; rv:11.0) like Gecko"
192.168.1.14 - - [25/May/2025:23:41:51 +0300] "POST /register HTTP/1.1" 400 6803 "https://www.example.com/" "Mozilla/5.0 (Windows NT 6.1; WOW64; Trident/7.0; AS; rv:11.0) like Gecko"
2001:db8:0:1:0:0:0:2 - - [25/May/2025:23:41:51 +0300] "GET /login HTTP/1.1" 401 1659 "https://www.mysite.com/" "Mozilla/5.0 (Windows NT 6.1; WOW64; rv:54.0) Gecko/20100101 Firefox/54.0"
192.168.1.10 - - [25/May/2025:23:41:51 +0300] "DELETE /login HTTP/1.1" 404 4865 "https://www.example.com/" "Mozilla/5.0 (Windows NT 10.0; Win64; x64) AppleWebKit/537.36 (KHTML, like Gecko) Chrome/58.0.3029.110 Safari/537.36"
2001:db8:0:1:0:0:0:a - - [25/May/2025:23:41:51 +0300] "PUT /register HTTP/1.1" 302 6856 "https://www.example.com/" "Mozilla/5.0 (Windows NT 10.0; Win64; x64) AppleWebKit/537.36 (KHTML, like Gecko) Chrome/62.0.3202.94 Safari/537.36"
192.168.1.1 - - [25/May/2025:23:41:51 +0300] "PUT /news HTTP/1.1" 200 8431 "https://www.facebook.com/" "Mozilla/5.0 (Windows NT 10.0; Win64; x64; rv:54.0) Gecko/20100101 Firefox/54.0"
192.168.1.28 - - [25/May/2025:23:41:51 +0300] "GET /login HTTP/1.1" 400 9805 "-" "Mozilla/5.0 (Windows NT 10.0; Win64; x64) AppleWebKit/537.36 (KHTML, like Gecko) Chrome/58.0.3029.110 Safari/537.36"
2001:db8:0:1:0:0:0:2 - - [25/May/2025:23:41:51 +0300] "DELETE /home HTTP/1.1" 500 6551 "https://www.example.com/" "Mozilla/5.0 (Windows NT 10.0; Win64; x64; rv:54.0) Gecko/20100101 Firefox/54.0"
192.168.1.32 - - [25/May/2025:23:41:51 +0300] "GET /about HTTP/1.1" 401 344 "-" "Mozilla/5.0 (Windows NT 10.0; WOW64) AppleWebKit/537.36 (KHTML, like Gecko) Chrome/58.0.3029.110 Safari/537.36 OPR/45.0.2552.898"
192.168.1.38 - - [25/May/2025:23:41:51 +0300] "PUT /posts HTTP/1.1" 201 8735 "https://www.example.com/" "Mozilla/5.0 (Windows NT 10.0; Win64; x64; rv:54.0) Gecko/20100101 Firefox/54.0"
192.168.1.24 - - [25/May/2025:23:41:51 +0300] "DELETE /news HTTP/1.1" 400 1495 "-" "Mozilla/5.0 (Windows NT 10.0; Win64; x64) AppleWebKit/537.36 (KHTML, like Gecko) Chrome/62.0.3202.94 Safari/537.36"
192.168.1.12 - - [25/May/2025:23:41:51 +0300] "DELETE /posts HTTP/1.1" 500 7275 "https://www.facebook.com/" "Mozilla/5.0 (Windows NT 10.0; Win64; x64) AppleWebKit/537.36 (KHTML, like Gecko) Chrome/58.0.3029.110 Safari/537.36"
2001:db8:0:1:0:0:0:1 - - [25/May/2025:23:41:51 +0300] "GET /news HTTP/1.1" 400 5248 "-" "Mozilla/5.0 (Windows NT 10.0; Win64; x64; rv:54.0) Gecko/20100101 Firefox/54.0"
2001:db8:0:1:0:0:0:c - - [25/May/2025:23:41:51 +0300] "DELETE /register HTTP/1.1" 401 861 "https://www.facebook.com/" "Mozilla/5.0 (Windows NT 10.0; WOW64) AppleWebKit/537.36 (KHTML, like Gecko) Chrome/58.0.3029.110 Safari/537.36 OPR/45.0.2552.898"
192.168.1.26 - - [25/May/2025:23:41:51 +0300] "GET /about HTTP/1.1" 401 1233 "-" "Mozilla/5.0 (Windows NT 10.0; Win64; x64; rv:54.0) Gecko/20100101 Firefox/54.0"
2001:db8:0:1:0:0:0:2 - - [25/May/2025:23:41:51 +0300] "POST /posts HTTP/1.1" 201 5965 "https://www.mysite.com/" "Mozilla/5.0 (Windows NT 6.1; WOW64; rv:54.0) Gecko/20100101 Firefox/54.0"
192.168.1.12 - - [25/May/2025:23:41:51 +0300] "GET /about HTTP/1.1" 401 8828 "https://www.example.com/" "Mozilla/5.0 (Windows NT 10.0; Win64; x64; rv:54.0) Gecko/20100101 Firefox/54.0"
192.168.1.35 - - [25/May/2025:23:41:51 +0300] "POST /login HTTP/1.1" 500 1398 "https://www.facebook.com/" "Mozilla/5.0 (Windows NT 10.0; Win64; x64) AppleWebKit/537.36 (KHTML, like Gecko) Chrome/58.0.3029.110 Safari/537.36"
192.168.1.6 - - [25/May/2025:23:41:51 +0300] "DELETE /about HTTP/1.1" 403 8362 "https://www.google.com/" "Mozilla/5.0 (Windows NT 6.1; WOW64; Trident/7.0; AS; rv:11.0) like Gecko"
192.168.1.28 - - [25/May/2025:23:41:51 +0300] "POST /news HTTP/1.1" 301 884 "https://www.mysite.com/" "Mozilla/5.0 (Windows NT 10.0; Win64; x64; rv:54.0) Gecko/20100101 Firefox/54.0"
192.168.1.36 - - [25/May/2025:23:41:51 +0300] "GET /login HTTP/1.1" 201 1397 "https://www.facebook.com/" "Mozilla/5.0 (Windows NT 10.0; Win64; x64; rv:54.0) Gecko/20100101 Firefox/54.0"
192.168.1.21 - - [25/May/2025:23:41:51 +0300] "GET /home HTTP/1.1" 302 5457 "https://www.example.com/" "Mozilla/5.0 (Windows NT 6.1; WOW64; Trident/7.0; AS; rv:11.0) like Gecko"
192.168.1.21 - - [25/May/2025:23:41:51 +0300] "GET /register HTTP/1.1" 204 1949 "https://www.example.com/" "Mozilla/5.0 (Windows NT 6.1; WOW64; rv:54.0) Gecko/20100101 Firefox/54.0"
2001:db8:0:1:0:0:0:e - - [25/May/2025:23:41:51 +0300] "POST /posts HTTP/1.1" 403 8256 "https://www.google.com/" "Mozilla/5.0 (Windows NT 10.0; Win64; x64; rv:54.0) Gecko/20100101 Firefox/54.0"
192.168.1.14 - - [25/May/2025:23:41:51 +0300] "GET /register HTTP/1.1" 500 933 "https://www.facebook.com/" "Mozilla/5.0 (Windows NT 6.1; WOW64; Trident/7.0; AS; rv:11.0) like Gecko"
2001:db8:0:1:0:0:0:2 - - [25/May/2025:23:41:51 +0300] "DELETE /login HTTP/1.1" 400 4015 "https://www.facebook.com/" "Mozilla/5.0 (Windows NT 10.0; WOW64) AppleWebKit/537.36 (KHTML, like Gecko) Chrome/58.0.3029.110 Safari/537.36 OPR/45.0.2552.898"
192.168.1.21 - - [25/May/2025:23:41:51 +0300] "DELETE /home HTTP/1.1" 302 3840 "https://www.facebook.com/" "Mozilla/5.0 (Windows NT 10.0; Win64; x64) AppleWebKit/537.36 (KHTML, like Gecko) Chrome/62.0.3202.94 Safari/537.36"
192.168.1.3 - - [25/May/2025:23:41:51 +0300] "GET /home HTTP/1.1" 200 930 "-" "Mozilla/5.0 (Windows NT 10.0; Win64; x64; rv:54.0) Gecko/20100101 Firefox/54.0"
2001:db8:0:1:0:0:0:2 - - [25/May/2025:23:41:51 +0300] "GET /register HTTP/1.1" 200 3650 "-" "Mozilla/5.0 (Windows NT 6.1; WOW64; rv:54.0) Gecko/20100101 Firefox/54.0"
192.168.1.16 - - [25/May/2025:23:41:51 +0300] "PUT /about HTTP/1.1" 400 5691 "https://www.google.com/" "Mozilla/5.0 (Windows NT 10.0; WOW64) AppleWebKit/537.36 (KHTML, like Gecko) Chrome/58.0.3029.110 Safari/537.36 OPR/45.0.2552.898"
192.168.1.27 - - [25/May/2025:23:41:51 +0300] "GET /blog HTTP/1.1" 302 9805 "https://www.google.com/" "Mozilla/5.0 (Windows NT 6.1; WOW64; Trident/7.0; AS; rv:11.0) like Gecko"
192.168.1.50 - - [25/May/2025:23:41:51 +0300] "POST /posts HTTP/1.1" 500 5038 "https://www.google.com/" "Mozilla/5.0 (Windows NT 10.0; Win64; x64; rv:54.0) Gecko/20100101 Firefox/54.0"
192.168.1.44 - - [25/May/2025:23:41:51 +0300] "PUT /posts HTTP/1.1" 204 1261 "https://www.google.com/" "Mozilla/5.0 (Windows NT 10.0; Win64; x64) AppleWebKit/537.36 (KHTML, like Gecko) Chrome/58.0.3029.110 Safari/537.36"
192.168.1.26 - - [25/May/2025:23:41:51 +0300] "GET /register HTTP/1.1" 400 5831 "https://www.facebook.com/" "Mozilla/5.0 (Windows NT 6.1; WOW64; rv:54.0) Gecko/20100101 Firefox/54.0"
192.168.1.23 - - [25/May/2025:23:41:51 +0300] "PUT /register HTTP/1.1" 204 4270 "-" "Mozilla/5.0 (Windows NT 6.1; WOW64; Trident/7.0; AS; rv:11.0) like Gecko"
192.168.1.7 - - [25/May/2025:23:41:51 +0300] "DELETE /login HTTP/1.1" 200 8299 "https://www.mysite.com/" "Mozilla/5.0 (Windows NT 6.1; WOW64; rv:54.0) Gecko/20100101 Firefox/54.0"
192.168.1.32 - - [25/May/2025:23:41:51 +0300] "POST /posts HTTP/1.1" 401 5147 "-" "Mozilla/5.0 (Windows NT 10.0; Win64; x64) AppleWebKit/537.36 (KHTML, like Gecko) Chrome/58.0.3029.110 Safari/537.36"
192.168.1.36 - - [25/May/2025:23:41:51 +0300] "PUT /home HTTP/1.1" 400 7093 "https://www.example.com/" "Mozilla/5.0 (Windows NT 10.0; Win64; x64) AppleWebKit/537.36 (KHTML, like Gecko) Chrome/58.0.3029.110 Safari/537.36"
192.168.1.32 - - [25/May/2025:23:41:51 +0300] "GET /news HTTP/1.1" 301 5904 "https://www.mysite.com/" "Mozilla/5.0 (Windows NT 10.0; WOW64) AppleWebKit/537.36 (KHTML, like Gecko) Chrome/58.0.3029.110 Safari/537.36 OPR/45.0.2552.898"
192.168.1.39 - - [25/May/2025:23:41:51 +0300] "POST /login HTTP/1.1" 201 7338 "https://www.mysite.com/" "Mozilla/5.0 (Windows NT 6.1; WOW64; Trident/7.0; AS; rv:11.0) like Gecko"
192.168.1.45 - - [25/May/2025:23:41:51 +0300] "DELETE /news HTTP/1.1" 204 4020 "https://www.facebook.com/" "Mozilla/5.0 (Windows NT 6.1; WOW64; Trident/7.0; AS; rv:11.0) like Gecko"
192.168.1.8 - - [25/May/2025:23:41:51 +0300] "PUT /posts HTTP/1.1" 204 3069 "https://www.mysite.com/" "Mozilla/5.0 (Windows NT 6.1; WOW64; Trident/7.0; AS; rv:11.0) like Gecko"
2001:db8:0:1:0:0:0:4 - - [25/May/2025:23:41:51 +0300] "DELETE /blog HTTP/1.1" 403 3024 "-" "Mozilla/5.0 (Windows NT 10.0; Win64; x64; rv:54.0) Gecko/20100101 Firefox/54.0"
2001:db8:0:1:0:0:0:2 - - [25/May/2025:23:41:51 +0300] "PUT /blog HTTP/1.1" 403 5443 "https://www.mysite.com/" "Mozilla/5.0 (Windows NT 6.1; WOW64; Trident/7.0; AS; rv:11.0) like Gecko"
2001:db8:0:1:0:0:0:7 - - [25/May/2025:23:41:51 +0300] "PUT /posts HTTP/1.1" 200 4496 "-" "Mozilla/5.0 (Windows NT 6.1; WOW64; rv:54.0) Gecko/20100101 Firefox/54.0"
2001:db8:0:1:0:0:0:4 - - [25/May/2025:23:41:51 +0300] "POST /blog HTTP/1.1" 302 610 "https://www.example.com/" "Mozilla/5.0 (Windows NT 6.1; WOW64; rv:54.0) Gecko/20100101 Firefox/54.0"
192.168.1.31 - - [25/May/2025:23:41:51 +0300] "DELETE /news HTTP/1.1" 401 6902 "https://www.facebook.com/" "Mozilla/5.0 (Windows NT 6.1; WOW64; Trident/7.0; AS; rv:11.0) like Gecko"
2001:db8:0:1:0:0:0:e - - [25/May/2025:23:41:51 +0300] "DELETE /register HTTP/1.1" 403 3469 "https://www.google.com/" "Mozilla/5.0 (Windows NT 10.0; Win64; x64; rv:54.0) Gecko/20100101 Firefox/54.0"
192.168.1.43 - - [25/May/2025:23:41:51 +0300] "PUT /login HTTP/1.1" 200 1061 "https://www.mysite.com/" "Mozilla/5.0 (Windows NT 6.1; WOW64; Trident/7.0; AS; rv:11.0) like Gecko"
192.168.1.45 - - [25/May/2025:23:41:51 +0300] "DELETE /about HTTP/1.1" 403 3469 "-" "Mozilla/5.0 (Windows NT 10.0; WOW64) AppleWebKit/537.36 (KHTML, like Gecko) Chrome/58.0.3029.110 Safari/537.36 OPR/45.0.2552.898"
2001:db8:0:1:0:0:0:8 - - [25/May/2025:23:41:51 +0300] "POST /blog HTTP/1.1" 201 2417 "https://www.mysite.com/" "Mozilla/5.0 (Windows NT 6.1; WOW64; Trident/7.0; AS; rv:11.0) like Gecko"
192.168.1.4 - - [25/May/2025:23:41:51 +0300] "DELETE /posts HTTP/1.1" 301 1281 "https://www.facebook.com/" "Mozilla/5.0 (Windows NT 10.0; Win64; x64) AppleWebKit/537.36 (KHTML, like Gecko) Chrome/62.0.3202.94 Safari/537.36"
192.168.1.29 - - [25/May/2025:23:41:51 +0300] "GET /register HTTP/1.1" 400 5657 "-" "Mozilla/5.0 (Windows NT 6.1; WOW64; rv:54.0) Gecko/20100101 Firefox/54.0"
192.168.1.7 - - [25/May/2025:23:41:51 +0300] "PUT /register HTTP/1.1" 302 6006 "-" "Mozilla/5.0 (Windows NT 10.0; WOW64) AppleWebKit/537.36 (KHTML, like Gecko) Chrome/58.0.3029.110 Safari/537.36 OPR/45.0.2552.898"
192.168.1.24 - - [25/May/2025:23:41:51 +0300] "PUT /home HTTP/1.1" 201 8708 "https://www.google.com/" "Mozilla/5.0 (Windows NT 10.0; Win64; x64) AppleWebKit/537.36 (KHTML, like Gecko) Chrome/62.0.3202.94 Safari/537.36"
2001:db8:0:1:0:0:0:4 - - [25/May/2025:23:41:51 +0300] "POST /posts HTTP/1.1" 302 4919 "https://www.mysite.com/" "Mozilla/5.0 (Windows NT 10.0; WOW64) AppleWebKit/537.36 (KHTML, like Gecko) Chrome/58.0.3029.110 Safari/537.36 OPR/45.0.2552.898"
192.168.1.18 - - [25/May/2025:23:41:51 +0300] "GET /posts HTTP/1.1" 403 6429 "https://www.facebook.com/" "Mozilla/5.0 (Windows NT 10.0; WOW64) AppleWebKit/537.36 (KHTML, like Gecko) Chrome/58.0.3029.110 Safari/537.36 OPR/45.0.2552.898"
192.168.1.45 - - [25/May/2025:23:41:51 +0300] "PUT /home HTTP/1.1" 301 9175 "https://www.mysite.com/" "Mozilla/5.0 (Windows NT 6.1; WOW64; Trident/7.0; AS; rv:11.0) like Gecko"
192.168.1.48 - - [25/May/2025:23:41:51 +0300] "GET /blog HTTP/1.1" 301 2960 "https://www.mysite.com/" "Mozilla/5.0 (Windows NT 10.0; Win64; x64; rv:54.0) Gecko/20100101 Firefox/54.0"
192.168.1.22 - - [25/May/2025:23:41:51 +0300] "GET /login HTTP/1.1" 301 7579 "https://www.google.com/" "Mozilla/5.0 (Windows NT 10.0; Win64; x64) AppleWebKit/537.36 (KHTML, like Gecko) Chrome/58.0.3029.110 Safari/537.36"
192.168.1.18 - - [25/May/2025:23:41:51 +0300] "GET /register HTTP/1.1" 403 3704 "https://www.mysite.com/" "Mozilla/5.0 (Windows NT 6.1; WOW64; Trident/7.0; AS; rv:11.0) like Gecko"
192.168.1.7 - - [25/May/2025:23:41:51 +0300] "DELETE /news HTTP/1.1" 404 841 "https://www.example.com/" "Mozilla/5.0 (Windows NT 10.0; Win64; x64) AppleWebKit/537.36 (KHTML, like Gecko) Chrome/62.0.3202.94 Safari/537.36"
192.168.1.5 - - [25/May/2025:23:41:51 +0300] "DELETE /login HTTP/1.1" 200 3530 "https://www.mysite.com/" "Mozilla/5.0 (Windows NT 10.0; WOW64) AppleWebKit/537.36 (KHTML, like Gecko) Chrome/58.0.3029.110 Safari/537.36 OPR/45.0.2552.898"
2001:db8:0:1:0:0:0:8 - - [25/May/2025:23:41:51 +0300] "POST /login HTTP/1.1" 302 6937 "-" "Mozilla/5.0 (Windows NT 10.0; Win64; x64) AppleWebKit/537.36 (KHTML, like Gecko) Chrome/58.0.3029.110 Safari/537.36"
192.168.1.19 - - [25/May/2025:23:41:51 +0300] "GET /login HTTP/1.1" 301 8023 "https://www.example.com/" "Mozilla/5.0 (Windows NT 6.1; WOW64; rv:54.0) Gecko/20100101 Firefox/54.0"
192.168.1.6 - - [25/May/2025:23:41:51 +0300] "DELETE /register HTTP/1.1" 404 8629 "https://www.facebook.com/" "Mozilla/5.0 (Windows NT 10.0; Win64; x64) AppleWebKit/537.36 (KHTML, like Gecko) Chrome/62.0.3202.94 Safari/537.36"
192.168.1.12 - - [25/May/2025:23:41:51 +0300] "PUT /login HTTP/1.1" 302 1462 "https://www.google.com/" "Mozilla/5.0 (Windows NT 10.0; Win64; x64) AppleWebKit/537.36 (KHTML, like Gecko) Chrome/58.0.3029.110 Safari/537.36"
192.168.1.24 - - [25/May/2025:23:41:51 +0300] "GET /news HTTP/1.1" 400 9352 "https://www.facebook.com/" "Mozilla/5.0 (Windows NT 10.0; Win64; x64) AppleWebKit/537.36 (KHTML, like Gecko) Chrome/62.0.3202.94 Safari/537.36"
192.168.1.18 - - [25/May/2025:23:41:51 +0300] "GET /blog HTTP/1.1" 404 1915 "https://www.mysite.com/" "Mozilla/5.0 (Windows NT 6.1; WOW64; Trident/7.0; AS; rv:11.0) like Gecko"
192.168.1.27 - - [25/May/2025:23:41:51 +0300] "GET /login HTTP/1.1" 401 7303 "https://www.example.com/" "Mozilla/5.0 (Windows NT 10.0; Win64; x64) AppleWebKit/537.36 (KHTML, like Gecko) Chrome/62.0.3202.94 Safari/537.36"
192.168.1.13 - - [25/May/2025:23:41:51 +0300] "GET /posts HTTP/1.1" 204 3402 "https://www.mysite.com/" "Mozilla/5.0 (Windows NT 10.0; Win64; x64) AppleWebKit/537.36 (KHTML, like Gecko) Chrome/58.0.3029.110 Safari/537.36"
192.168.1.37 - - [25/May/2025:23:41:51 +0300] "POST /about HTTP/1.1" 301 842 "https://www.mysite.com/" "Mozilla/5.0 (Windows NT 10.0; Win64; x64) AppleWebKit/537.36 (KHTML, like Gecko) Chrome/62.0.3202.94 Safari/537.36"
2001:db8:0:1:0:0:0:6 - - [25/May/2025:23:41:51 +0300] "GET /blog HTTP/1.1" 302 9544 "https://www.facebook.com/" "Mozilla/5.0 (Windows NT 6.1; WOW64; Trident/7.0; AS; rv:11.0) like Gecko"
192.168.1.16 - - [25/May/2025:23:41:51 +0300] "DELETE /blog HTTP/1.1" 204 1696 "https://www.mysite.com/" "Mozilla/5.0 (Windows NT 10.0; Win64; x64) AppleWebKit/537.36 (KHTML, like Gecko) Chrome/62.0.3202.94 Safari/537.36"
192.168.1.8 - - [25/May/2025:23:41:51 +0300] "POST /news HTTP/1.1" 404 3163 "https://www.google.com/" "Mozilla/5.0 (Windows NT 10.0; WOW64) AppleWebKit/537.36 (KHTML, like Gecko) Chrome/58.0.3029.110 Safari/537.36 OPR/45.0.2552.898"
192.168.1.1 - - [25/May/2025:23:41:51 +0300] "PUT /about HTTP/1.1" 201 2214 "https://www.google.com/" "Mozilla/5.0 (Windows NT 10.0; WOW64) AppleWebKit/537.36 (KHTML, like Gecko) Chrome/58.0.3029.110 Safari/537.36 OPR/45.0.2552.898"
192.168.1.35 - - [25/May/2025:23:41:51 +0300] "POST /about HTTP/1.1" 302 3680 "https://www.example.com/" "Mozilla/5.0 (Windows NT 10.0; Win64; x64; rv:54.0) Gecko/20100101 Firefox/54.0"
192.168.1.35 - - [25/May/2025:23:41:51 +0300] "GET /register HTTP/1.1" 404 4114 "-" "Mozilla/5.0 (Windows NT 6.1; WOW64; Trident/7.0; AS; rv:11.0) like Gecko"
