192.168.1.18 - - [25/May/2025:23:41:51 +0300] "DELETE /register HTTP/1.1" 201 6093 "https://www.example.com/" "Mozilla/5.0 (Windows NT 10.0; WOW64) AppleWebKit/537.36 (KHTML, like Gecko) Chrome/58.0.3029.110 Safari/537.36 OPR/45.0.2552.898"
192.168.1.47 - - [25/May/2025:23:41:51 +0300] "PUT /login HTTP/1.1" 500 1412 "https://www.facebook.com/" "Mozilla/5.0 (Windows NT 6.1; WOW64; rv:54.0) Gecko/20100101 Firefox/54.0"
192.168.1.26 - - [25/May/2025:23:41:51 +0300] "POST /posts HTTP/1.1" 200 327 "https://www.example.com/" "Mozilla/5.0 (Windows NT 10.0; Win64; x64) AppleWebKit/537.36 (KHTML, like Gecko) Chrome/62.0.3202.94 Safari/537.36"
2001:db8:0:1:0:0:0:4 - - [25/May/2025:23:41:51 +0300] "GET /news HTTP/1.1" 204 6899 "https://www.mysite.com/" "Mozilla/5.0 (Windows NT 6.1; WOW64; Trident/7.0; AS; rv:11.0) like Gecko"
2001:db8:0:1:0:0:0:c - - [25/May/2025:23:41:51 +0300] "PUT /news HTTP/1.1" 200 1058 "https://www.mysite.com/" "Mozilla/5.0 (Windows NT 10.0; Win64; x64) AppleWebKit/537.36 (KHTML, like Gecko) Chrome/62.0.3202.94 Safari/537.36"
192.168.1.29 - - [25/May/2025:23:41:51 +0300] "PUT /register HTTP/1.1" 301 9745 "https://www.google.com/" "Mozilla/5.0 (Windows NT 10.0; Win64; x64) AppleWebKit/537.36 (KHTML, like Gecko) Chrome/62.0.3202.94 Safari/537.36"
192.168.1.4 - - [25/May/2025:23:41:51 +0300] "PUT /blog HTTP/1.1" 302 5420 "https://www.example.com/" "Mozilla/5.0 (Windows NT 10.0; WOW64) AppleWebKit/537.36 (KHTML, like Gecko) Chrome/58.0.3029.110 Safari/537.36 OPR/45.0.2552.898"
192.168.1.32 - - [25/May/2025:23:41:51 +0300] "DELETE /news HTTP/1.1" 200 1689 "-" "Mozilla/5.0 (Windows NT 10.0; Win64; x64; rv:54.0) Gecko/20100101 Firefox/54.0"
192.168.1.23 - - [25/May/2025:23:41:51 +0300] "DELETE /home HTTP/1.1" 401 2824 "-" "Mozilla/5.0 (Windows NT 10.0; Win64; x64) AppleWebKit/537.36 (KHTML, like Gecko) Chrome/62.0.3202.94 Safari/537.36"
192.168.1.35 - - [25/May/2025:23:41:51 +0300] "DELETE /blog HTTP/1.1" 201 1852 "https://www.google.com/" "Mozilla/5.0 (Windows NT 10.0; WOW64) AppleWebKit/537.36 (KHTML, like Gecko) Chrome/58.0.3029.110 Safari/537.36 OPR/45.0.2552.898"
192.168.1.19 - - [25/May/2025:23:41:51 +0300] "GET /blog HTTP/1.1" 301 7155 "-" "Mozilla/5.0 (Windows NT 6.1; WOW64; rv:54.0) Gecko/20100101 Firefox/54.0"
192.168.1.8 - - [25/May/2025:23:41:51 +0300] "PUT /home HTTP/1.1" 204 3320 "https://www.example.com/" "Mozilla/5.0 (Windows NT 10.0; WOW64) AppleWebKit/537.36 (KHTML, like Gecko) Chrome/58.0.3029.110 Safari/537.36 OPR/45.0.2552.898"
192.168.1.26 - - [25/May/2025:23:41:51 +0300] "GET /login HTTP/1.1" 500 2273 "-" "Mozilla/5.0 (Windows NT 10.0; Win64; x64) AppleWebKit/537.36 (KHTML, like Gecko) Chrome/58.0.3029.110 Safari/537.36"
192.168.1.39 - - [25/May/2025:23:41:51 +0300] "PUT /login HTTP/1.1" 201 910 "https://www.example.com/" "Mozilla/5.0 (Windows NT 10.0; Win64; x64) AppleWebKit/537.36 (KHTML, like Gecko) Chrome/58.0.3029.110 Safari/537.36"
2001:db8:0:1:0:0:0:9 - - [25/May/2025:23:41:51 +0300] "PUT /blog HTTP/1.1" 302 1676 "-" "Mozilla/5.0 (Windows NT 10.0; Win64; x64; rv:54.0) Gecko/20100101 Firefox/54.0"
192.168.1.48 - - [25/May/2025:23:41:51 +0300] "POST /home HTTP/1.1" 200 2545 "https://www.mysite.com/" "Mozilla/5.0 (Windows NT 10.0; WOW64) AppleWebKit/537.36 (KHTML, like Gecko) Chrome/58.0.3029.110 Safari/537.36 OPR/45.0.2552.898"
192.168.1.21 - - [25/May/2025:23:41:51 +0300] "PUT /blog HTTP/1.1" 401 603 "https://www.google.com/" "Mozilla/5.0 (Windows NT 10.0; WOW64) AppleWebKit/537.36 (KHTML, like Gecko) Chrome/58.0.3029.110 Safari/537.36 OPR/45.0.2552.898"
192.168.1.43 - - [25/May/2025:23:41:51 +0300] "DELETE /news HTTP/1.1" 200 6700 "https://www.facebook.com/" "Mozilla/5.0 (Windows NT 10.0; WOW64) AppleWebKit/537.36 (KHTML, like Gecko) Chrome/58.0.3029.110 Safari/537.36 OPR/45.0.2552.898"
2001:db8:0:1:0:0:0:b - - [25/May/2025:23:41:51 +0300] "DELETE /posts HTTP/1.1" 500 9489 "https://www.example.com/" "Mozilla/5.0 (Windows NT 10.0; Win64; x64; rv:54.0) Gecko/20100101 Firefox/54.0"
192.168.1.13 - - [25/May/2025:23:41:51 +0300] "PUT /home HTTP/1.1" 400 5705 "https://www.example.com/" "Mozilla/5.0 (Windows NT 6.1; WOW64; Trident/7.0; AS; rv:11.0) like Gecko"
2001:db8:0:1:0:0:0:1 - - [25/May/2025:23:41:51 +0300] "GET /posts HTTP/1.1" 400 3110 "-" "Mozilla/5.0 (Windows NT 6.1; WOW64; Trident/7.0; AS; rv:11.0) like Gecko"
192.168.1.39 - - [25/May/2025:23:41:51 +0300] "DELETE /about HTTP/1.1" 404 4049 "https://www.facebook.com/" "Mozilla/5.0 (Windows NT 10.0; Win64; x64) AppleWebKit/537.36 (KHTML, like Gecko) Chrome/58.0.3029.110 Safari/537.36"
2001:db8:0:1:0:0:0:6 - - [25/May/2025:23:41:51 +0300] "PUT /about HTTP/1.1" 401 8956 "https://www.facebook.com/" "Mozilla/5.0 (Windows NT 10.0; WOW64) AppleWebKit/537.36 (KHTML, like Gecko) Chrome/58.0.3029.110 Safari/537.36 OPR/45.0.2552.898"
2001:db8:0:1:0:0:0:6 - - [25/May/2025:23:41:51 +0300] "GET /register HTTP/1.1" 200 2500 "https://www.google.com/" "Mozilla/5.0 (Windows NT 10.0; Win64; x64) AppleWebKit/537.36 (KHTML, like Gecko) Chrome/62.0.3202.94 Safari/537.36"
192.168.1.9 - - [25/May/2025:23:41:51 +0300] "PUT /home HTTP/1.1" 404 8282 "-" "Mozilla/5.0 (Windows NT 10.0; Win64; x64) AppleWebKit/537.36 (KHTML, like Gecko) Chrome/58.0.3029.110 Safari/537.36"
2001:db8:0:1:0:0:0:5 - - [25/May/2025:23:41:51 +0300] "DELETE /home HTTP/1.1" 204 7942 "https://www.facebook.com/" "Mozilla/5.0 (Windows NT 6.1; WOW64; Trident/7.0; AS; rv:11.0) like Gecko"
192.168.1.28 - - [25/May/2025:23:41:51 +0300] "POST /about HTTP/1.1" 400 7658 "https://www.facebook.com/" "Mozilla/5.0 (Windows NT 10.0; WOW64) AppleWebKit/537.36 (KHTML, like Gecko) Chrome/58.0.3029.110 Safari/537.36 OPR/45.0.2552.898"
192.168.1.49 - - [25/May/2025:23:41:51 +0300] "POST /register HTTP/1.1" 404 9314 "https://www.google.com/" "Mozilla/5.0 (Windows NT 10.0; Win64; x64) AppleWebKit/537.36 (KHTML, like Gecko) Chrome/62.0.3202.94 Safari/537.36"
2001:db8:0:1:0:0:0:b - - [25/May/2025:23:41:51 +0300] "GET /about HTTP/1.1" 404 5741 "https://www.facebook.com/" "Mozilla/5.0 (Windows NT 6.1; WOW64; Trident/7.0; AS; rv:11.0) like Gecko"
2001:db8:0:1:0:0:0:c - - [25/May/2025:23:41:51 +0300] "DELETE /home HTTP/1.1" 302 3733 "https://www.google.com/" "Mozilla/5.0 (Windows NT 10.0; Win64; x64) AppleWebKit/537.36 (KHTML, like Gecko) Chrome/58.0.3029.110 Safari/537.36"
192.168.1.32 - - [25/May/2025:23:41:51 +0300] "PUT /register HTTP/1.1" 302 7758 "https://www.facebook.com/" "Mozilla/5.0 (Windows NT 6.1; WOW64; Trident/7.0; AS; rv:11.0) like Gecko"
192.168.1.5 - - [25/May/2025:23:41:51 +0300] "PUT /home HTTP/1.1" 400 8207 "https://www.mysite.com/" "Mozilla/5.0 (Windows NT 10.0; WOW64) AppleWebKit/537.36 (KHTML, like Gecko) Chrome/58.0.3029.110 Safari/537.36 OPR/45.0.2552.898"
192.168.1.42 - - [25/May/2025:23:41:51 +0300] "DELETE /register HTTP/1.1" 400 8254 "https://www.facebook.com/" "Mozilla/5.0 (Windows NT 10.0; Win64; x64; rv:54.0) Gecko/20100101 Firefox/54.0"
192.168.1.27 - - [25/May/2025:23:41:51 +0300] "POST /news HTTP/1.1" 200 5939 "-" "Mozilla/5.0 (Windows NT 10.0; Win64; x64) AppleWebKit/537.36 (KHTML, like Gecko) Chrome/58.0.3029.110 Safari/537.36"
2001:db8:0:1:0:0:0:c - - [25/May/2025:23:41:51 +0300] "POST /about HTTP/1.1" 200 6947 "https://www.facebook.com/" "Mozilla/5.0 (Windows NT 6.1; WOW64; rv:54.0) Gecko/20100101 Firefox/54.0"
2001:db8:0:1:0:0:0:6 - - [25/May/2025:23:41:51 +0300] "GET /register HTTP/1.1" 403 8332 "https://www.google.com/" "Mozilla/5.0 (Windows NT 10.0; WOW64) AppleWebKit/537.36 (KHTML, like Gecko) Chrome/58.0.3029.110 Safari/537.36 OPR/45.0.2552.898"
192.168.1.2 - - [25/May/2025:23:41:51 +0300] "DELETE /news HTTP/1.1" 404 9293 "https://www.mysite.com/" "Mozilla/5.0 (Windows NT 10.0; WOW64) AppleWebKit/537.36 (KHTML, like Gecko) Chrome/58.0.3029.110 Safari/537.36 OPR/45.0.2552.898"
2001:db8:0:1:0:0:0:5 - - [25/May/2025:23:41:51 +0300] "POST /posts HTTP/1.1" 404 7329 "https://www.facebook.com/" "Mozilla/5.0 (Windows NT 6.1; WOW64; Trident/7.0; AS; rv:11.0) like Gecko"
192.168.1.35 - - [25/May/2025:23:41:51 +0300] "DELETE /about HTTP/1.1" 302 1418 "https://www.facebook.com/" "Mozilla/5.0 (Windows NT 6.1; WOW64; rv:54.0) Gecko/20100101 Firefox/54.0"
2001:db8:0:1:0:0:0:a - - [25/May/2025:23:41:51 +0300] "DELETE /login HTTP/1.1" 201 4590 "https://www.google.com/" "Mozilla/5.0 (Windows NT 10.0; Win64; x64) AppleWebKit/537.36 (KHTML, like Gecko) Chrome/58.0.3029.110 Safari/537.36"
192.168.1.1 - - [25/May/2025:23:41:51 +0300] "POST /register HTTP/1.1" 500 5277 "https://www.facebook.com/" "Mozilla/5.0 (Windows NT 10.0; Win64; x64; rv:54.0) Gecko/20100101 Firefox/54.0"
2001:db8:0:1:0:0:0:1 - - [25/May/2025:23:41:51 +0300] "POST /about HTTP/1.1" 401 3198 "https://www.google.com/" "Mozilla/5.0 (Windows NT 10.0; Win64; x64) AppleWebKit/537.36 (KHTML, like Gecko) Chrome/62.0.3202.94 Safari/537.36"
192.168.1.23 - - [25/May/2025:23:41:51 +0300] "PUT /news HTTP/1.1" 403 3302 "https://www.mysite.com/" "Mozilla/5.0 (Windows NT 10.0; Win64; x64; rv:54.0) Gecko/20100101 Firefox/54.0"
192.168.1.25 - - [25/May/2025:23:41:51 +0300] "GET /posts HTTP/1.1" 401 9504 "https://www.google.com/" "Mozilla/5.0 (Windows NT 10.0; Win64; x64; rv:54.0) Gecko/20100101 Firefox/54.0"
192.168.1.28 - - [25/May/2025:23:41:51 +0300] "POST /register HTTP/1.1" 404 8097 "https://www.mysite.com/" "Mozilla/5.0 (Windows NT 10.0; WOW64) AppleWebKit/537.36 (KHTML, like Gecko) Chrome/58.0.3029.110 Safari/537.36 OPR/45.0.2552.898"
192.168.1.17 - - [25/May/2025:23:41:51 +0300] "GET /about HTTP/1.1" 301 482 "https://www.mysite.com/" "Mozilla/5.0 (Windows NT 6.1; WOW64; Trident/7.0; AS; rv:11.0) like Gecko"
192.168.1.17 - - [25/May/2025:23:41:51 +0300] "DELETE /register HTTP/1.1" 201 8652 "https://www.mysite.com/" "Mozilla/5.0 (Windows NT 10.0; Win64; x64) AppleWebKit/537.36 (KHTML, like Gecko) Chrome/62.0.3202.94 Safari/537.36"
2001:db8:0:1:0:0:0:2 - - [25/May/2025:23:41:51 +0300] "GET /news HTTP/1.1" 400 9578 "-" "Mozilla/5.0 (Windows NT 10.0; Win64; x64) AppleWebKit/537.36 (KHTML, like Gecko) Chrome/58.0.3029.110 Safari/537.36"
2001:db8:0:1:0:0:0:8 - - [25/May/2025:23:41:51 +0300] "GET /news HTTP/1.1" 302 883 "https://www.facebook.com/" "Mozilla/5.0 (Windows NT 6.1; WOW64; Trident/7.0; AS; rv:11.0) like Gecko"
192.168.1.10 - - [25/May/2025:23:41:51 +0300] "GET /posts HTTP/1.1" 200 4301 "-" "Mozilla/5.0 (Windows NT 6.1; WOW64; rv:54.0) Gecko/20100101 Firefox/54.0"
192.168.1.5 - - [25/May/2025:23:41:51 +0300] "POST /posts HTTP/1.1" 500 8044 "https://www.facebook.com/" "Mozilla/5.0 (Windows NT 10.0; Win64; x64) AppleWebKit/537.36 (KHTML, like Gecko) Chrome/58.0.3029.110 Safari/537.36"
2001:db8:0:1:0:0:0:3 - - [25/May/2025:23:41:51 +0300] "GET /about HTTP/1.1" 201 7066 "https://www.facebook.com/" "Mozilla/5.0 (Windows NT 10.0; Win64; x64; rv:54.0) Gecko/20100101 Firefox/54.0"
2001:db8:0:1:0:0:0:7 - - [25/May/2025:23:41:51 +0300] "GET /about HTTP/1.1" 201 4438 "https://www.mysite.com/" "Mozilla/5.0 (Windows NT 10.0; WOW64) AppleWebKit/537.36 (KHTML, like Gecko) Chrome/58.0.3029.110 Safari/537.36 OPR/45.0.2552.898"
192.168.1.35 - - [25/May/2025:23:41:51 +0300] "PUT /news HTTP/1.1" 200 1826 "https://www.mysite.com/" "Mozilla/5.0 (Windows NT 10.0; Win64; x64; rv:54.0) Gecko/20100101 Firefox/54.0"
192.168.1.20 - - [25/May/2025:23:41:51 +0300] "POST /about HTTP/1.1" 401 7276 "https://www.mysite.com/" "Mozilla/5.0 (Windows NT 10.0; Win64; x64) AppleWebKit/537.36 (KHTML, like Gecko) Chrome/62.0.3202.94 Safari/537.36"
192.168.1.47 - - [25/May/2025:23:41:51 +0300] "PUT /login HTTP/1.1" 500 5266 "https://www.example.com/" "Mozilla/5.0 (Windows NT 10.0; Win64; x64) AppleWebKit/537.36 (KHTML, like Gecko) Chrome/58.0.3029.110 Safari/537.36"
2001:db8:0:1:0:0:0:1 - - [25/May/2025:23:41:51 +0300] "PUT /home HTTP/1.1" 401 593 "https://www.example.com/" "Mozilla/5.0 (Windows NT 10.0; Win64; x64; rv:54.0) Gecko/20100101 Firefox/54.0"
192.168.1.4 - - [25/May/2025:23:41:51 +0300] "POST /about HTTP/1.1" 200 1425 "https://www.mysite.com/" "Mozilla/5.0 (Windows NT 10.0; Win64; x64) AppleWebKit/537.36 (KHTML, like Gecko) Chrome/58.0.3029.110 Safari/537.36"
192.168.1.50 - - [25/May/2025:23:41:51 +0300] "PUT /about HTTP/1.1" 302 3555 "https://www.mysite.com/" "Mozilla/5.0 (Windows NT 6.1; WOW64; rv:54.0) Gecko/20100101 Firefox/54.0"
192.168.1.29 - - [25/May/2025:23:41:51 +0300] "GET /posts HTTP/1.1" 302 1235 "https://www.mysite.com/" "Mozilla/5.0 (Windows NT 6.1; WOW64; rv:54.0) Gecko/20100101 Firefox/54.0"
2001:db8:0:1:0:0:0:c - - [25/May/2025:23:41:51 +0300] "POST /news HTTP/1.1" 404 1234 "https://www.example.com/" "Mozilla/5.0 (Windows NT 6.1; WOW64; rv:54.0) Gecko/20100101 Firefox/54.0"
192.168.1.41 - - [25/May/2025:23:41:51 +0300] "DELETE /login HTTP/1.1" 401 8134 "https://www.example.com/" "Mozilla/5.0 (Windows NT 10.0; Win64; x64) AppleWebKit/537.36 (KHTML, like Gecko) Chrome/62.0.3202.94 Safari/537.36"
2001:db8:0:1:0:0:0:3 - - [25/May/2025:23:41:51 +0300] "DELETE /about HTTP/1.1" 403 2071 "https://www.google.com/" "Mozilla/5.0 (Windows NT 10.0; WOW64) AppleWebKit/537.36 (KHTML, like Gecko) Chrome/58.0.3029.110 Safari/537.36 OPR/45.0.2552.898"
192.168.1.13 - - [25/May/2025:23:41:51 +0300] "DELETE /register HTTP/1.1" 400 929 "-" "Mozilla/5.0 (Windows NT 10.0; Win64; x64) AppleWebKit/537.36 (KHTML, like Gecko) Chrome/58.0.3029.110 Safari/537.36"
192.168.1.5 - - [25/May/2025:23:41:51 +0300] "DELETE /posts HTTP/1.1" 302 7168 "https://www.mysite.com/" "Mozilla/5.0 (Windows NT 10.0; Win64; x64) AppleWebKit/537.36 (KHTML, like Gecko) Chrome/58.0.3029.110 Safari/537.36"
192.168.1.15 - - [25/May/2025:23:41:51 +0300] "DELETE /login HTTP/1.1" 401 3643 "https://www.mysite.com/" "Mozilla/5.0 (Windows NT 10.0; Win64; x64) AppleWebKit/537.36 (KHTML, like Gecko) Chrome/58.0.3029.110 Safari/537.36"
192.168.1.43 - - [25/May/2025:23:41:51 +0300] "PUT /blog HTTP/1.1" 200 5969 "https://www.google.com/" "Mozilla/5.0 (Windows NT 6.1; WOW64; rv:54.0) Gecko/20100101 Firefox/54.0"
192.168.1.41 - - [25/May/2025:23:41:51 +0300] "PUT /about HTTP/1.1" 301 8931 "https://www.facebook.com/" "Mozilla/5.0 (Windows NT 10.0; Win64; x64) AppleWebKit/537.36 (KHTML, like Gecko) Chrome/62.0.3202.94 Safari/537.36"
192.168.1.41 - - [25/May/2025:23:41:51 +0300] "GET /about HTTP/1.1" 201 1499 "https://www.example.com/" "Mozilla/5.0 (Windows NT 10.0; Win64; x64) AppleWebKit/537.36 (KHTML, like Gecko) Chrome/58.0.3029.110 Safari/537.36"
192.168.1.35 - - [25/May/2025:23:41:51 +0300] "PUT /home HTTP/1.1" 301 875 "https://www.facebook.com/" "Mozilla/5.0 (Windows NT 10.0; Win64; x64) AppleWebKit/537.36 (KHTML, like Gecko) Chrome/62.0.3202.94 Safari/537.36"
192.168.1.8 - - [25/May/2025:23:41:51 +0300] "POST /about HTTP/1.1" 201 999 "https://www.mysite.com/" "Mozilla/5.0 (Windows NT 10.0; Win64; x64; rv:54.0) Gecko/20100101 Firefox/54.0"
192.168.1.46 - - [25/May/2025:23:41:51 +0300] "POST /about HTTP/1.1" 403 7252 "https://www.google.com/" "Mozilla/5.0 (Windows NT 6.1; WOW64; Trident/7.0; AS; rv:11.0) like Gecko"
192.168.1.16 - - [25/May/2025:23:41:51 +0300] "GET /news HTTP/1.1" 301 645 "https://www.mysite.com/" "Mozilla/5.0 (Windows NT 6.1; WOW64; rv:54.0) Gecko/20100101 Firefox/54.0"
192.168.1.14 - - [25/May/2025:23:41:51 +0300] "GET /posts HTTP/1.1" 204 6887 "https://www.example.com/" "Mozilla/5.0 (Windows NT 6.1; WOW64; Trident/7.0; AS; rv:11.0) like Gecko"
192.168.1.15 - - [25/May/2025:23:41:51 +0300] "GET /register HTTP/1.1" 200 5633 "-" "Mozilla/5.0 (Windows NT 10.0; Win64; x64) AppleWebKit/537.36 (KHTML, like Gecko) Chrome/58.0.3029.110 Safari/537.36"
192.168.1.27 - - [25/May/2025:23:41:51 +0300] "DELETE /register HTTP/1.1" 201 3170 "https://www.mysite.com/" "Mozilla/5.0 (Windows NT 6.1; WOW64; rv:54.0) Gecko/20100101 Firefox/54.0"
192.168.1.15 - - [25/May/2025:23:41:51 +0300] "POST /blog HTTP/1.1" 401 8087 "https://www.mysite.com/" "Mozilla/5.0 (Windows NT 10.0; Win64; x64) AppleWebKit/537.36 (KHTML, like Gecko) Chrome/58.0.3029.110 Safari/537.36"
192.168.1.22 - - [25/May/2025:23:41:51 +0300] "POST /about HTTP/1.1" 302 6654 "https://www.mysite.com/" "Mozilla/5.0 (Windows NT 6.1; WOW64; rv:54.0) Gecko/20100101 Firefox/54.0"
192.168.1.1 - - [25/May/2025:23:41:51 +0300] "GET /home HTTP/1.1" 201 3545 "https://www.mysite.com/" "Mozilla/5.0 (Windows NT 10.0; Win64; x64) AppleWebKit/537.36 (KHTML, like Gecko) Chrome/62.0.3202.94 Safari/537.36"
192.168.1.49 - - [25/May/2025:23:41:51 +0300] "GET /posts HTTP/1.1" 301 8508 "https://www.google.com/" "Mozilla/5.0 (Windows NT 6.1; WOW64; Trident/7.0; AS; rv:11.0) like Gecko"
192.168.1.12 - - [25/May/2025:23:41:51 +0300] "POST /home HTTP/1.1" 201 8365 "https://www.example.com/" "Mozilla/5.0 (Windows NT 6.1; WOW64; Trident/7.0; AS; rv:11.0) like Gecko"
192.168.1.29 - - [25/May/2025:23:41:51 +0300] "DELETE /blog HTTP/1.1" 200 8069 "https://www.google.com/" "Mozilla/5.0 (Windows NT 10.0; Win64; x64; rv:54.0) Gecko/20100101 Firefox/54.0"
2001:db8:0:1:0:0:0:b - - [25/May/2025:23:41:51 +0300] "POST /news HTTP/1.1" 401 3945 "https://www.example.com/" "Mozilla/5.0 (Windows NT 10.0; WOW64) AppleWebKit/537.36 (KHTML, like Gecko) Chrome/58.0.3029.110 Safari/537.36 OPR/45.0.2552.898"
192.168.1.28 - - [25/May/2025:23:41:51 +0300] "POST /about HTTP/1.1" 403 6038 "https://www.example.com/" "Mozilla/5.0 (Windows NT 10.0; Win64; x64) AppleWebKit/537.36 (KHTML, like Gecko) Chrome/58.0.3029.110 Safari/537.36"
192.168.1.32 - - [25/May/2025:23:41:51 +0300] "PUT /register HTTP/1.1" 201 3223 "https://www.mysite.com/" "Mozilla/5.0 (Windows NT 10.0; Win64; x64) AppleWebKit/537.36 (KHTML, like Gecko) Chrome/62.0.3202.94 Safari/537.36"
192.168.1.24 - - [25/May/2025:23:41:51 +0300] "PUT /register HTTP/1.1" 403 5620 "-" "Mozilla/5.0 (Windows NT 10.0; Win64; x64; rv:54.0) Gecko/20100101 Firefox/54.0"
192.168.1.50 - - [25/May/2025:23:41:51 +0300] "GET /blog HTTP/1.1" 204 3842 "https://www.google.com/" "Mozilla/5.0 (Windows NT 10.0; WOW64) AppleWebKit/537.36 (KHTML, like Gecko) Chrome/58.0.3029.110 Safari/537.36 OPR/45.0.2552.898"
192.168.1.28 - - [25/May/2025:23:41:51 +0300] "PUT /posts HTTP/1.1" 404 7088 "https://www.example.com/" "Mozilla/5.0 (Windows NT 10.0; Win64; x64) AppleWebKit/537.36 (KHTML, like Gecko) Chrome/62.0.3202.94 Safari/537.36"
192.168.1.35 - - [25/May/2025:23:41:51 +0300] "GET /about HTTP/1.1" 401 8950 "https://www.mysite.com/" "Mozilla/5.0 (Windows NT 10.0; Win64; x64) AppleWebKit/537.36 (KHTML, like Gecko) Chrome/58.0.3029.110 Safari/537.36"
2001:db8:0:1:0:0:0:9 - - [25/May/2025:23:41:51 +0300] "GET /home HTTP/1.1" 500 7139 "https://www.example.com/" "Mozilla/5.0 (Windows NT 6.1; WOW64; Trident/7.0; AS; rv:11.0) like Gecko"
192.168.1.47 - - [25/May/2025:23:41:51 +0300] "GET /register HTTP/1.1" 400 2043 "https://www.google.com/" "Mozilla/5.0 (Windows NT 10.0; Win64; x64; rv:54.0) Gecko/20100101 Firefox/54.0"
192.168.1.12 - - [25/May/2025:23:41:51 +0300] "GET /home HTTP/1.1" 404 7982 "https://www.google.com/" "Mozilla/5.0 (Windows NT 10.0; Win64; x64) AppleWebKit/537.36 (KHTML, like Gecko) Chrome/62.0.3202.94 Safari/537.36"
2001:db8:0:1:0:0:0:5 - - [25/May/2025:23:41:51 +0300] "DELETE /news HTTP/1.1" 302 7689 "https://www.example.com/" "Mozilla/5.0 (Windows NT 10.0; Win64; x64; rv:54.0) Gecko/20100101 Firefox/54.0"
2001:db8:0:1:0:0:0:b - - [25/May/2025:23:41:51 +0300] "PUT /posts HTTP/1.1" 200 7906 "https://www.example.com/" "Mozilla/5.0 (Windows NT 6.1; WOW64; rv:54.0) Gecko/20100101 Firefox/54.0"
192.168.1.34 - - [25/May/2025:23:41:51 +0300] "PUT /register HTTP/1.1" 500 1270 "https://www.example.com/" "Mozilla/5.0 (Windows NT 6.1; WOW64; Trident/7.0; AS; rv:11.0) like Gecko"
192.168.1.44 - - [25/May/2025:23:41:51 +0300] "POST /posts HTTP/1.1" 302 525 "https://www.facebook.com/" "Mozilla/5.0 (Windows NT 6.1; WOW64; rv:54.0) Gecko/20100101 Firefox/54.0"
192.168.1.30 - - [25/May/2025:23:41:51 +0300] "DELETE /posts HTTP/1.1" 404 4393 "https://www.example.com/" "Mozilla/5.0 (Windows NT 10.0; WOW64) AppleWebKit/537.36 (KHTML, like Gecko) Chrome/58.0.3029.110 Safari/537.36 OPR/45.0.2552.898"
192.168.1.46 - - [25/May/2025:23:41:51 +0300] "DELETE /home HTTP/1.1" 204 621 "-" "Mozilla/5.0 (Windows NT 6.1; WOW64; Trident/7.0; AS; rv:11.0) like Gecko"
192.168.1.44 - - [25/May/2025:23:41:51 +0300] "POST /posts HTTP/1.1" 201 9727 "https://www.mysite.com/" "Mozilla/5.0 (Windows NT 10.0; Win64; x64) AppleWebKit/537.36 (KHTML, like Gecko) Chrome/58.0.3029.110 Safari/537.36"
192.168.1.50 - - [25/May/2025:23:41:51 +0300] "POST /posts HTTP/1.1" 200 3257 "-" "Mozilla/5.0 (Windows NT 10.0; Win64; x64) AppleWebKit/537.36 (KHTML, like Gecko) Chrome/62.0.3202.94 Safari/537.36"
2001:db8:0:1:0:0:0:b - - [25/May/2025:23:41:51 +0300] "DELETE /blog HTTP/1.1" 204 5944 "https://www.facebook.com/" "Mozilla/5.0 (Windows NT 10.0; Win64; x64; rv:54.0) Gecko/20100101 Firefox/54.0"
192.168.1.13 - - [25/May/2025:23:41:51 +0300] "PUT /about HTTP/1.1" 201 510 "https://www.google.com/" "Mozilla/5.0 (Windows NT 10.0; Win64; x64; rv:54.0) Gecko/20100101 Firefox/54.0"
192.168.1.6 - - [25/May/2025:23:41:51 +0300] "GET /blog HTTP/1.1" 201 4424 "https://www.mysite.com/" "Mozilla/5.0 (Windows NT 10.0; WOW64) AppleWebKit/537.36 (KHTML, like Gecko) Chrome/58.0.3029.110 Safari/537.36 OPR/45.0.2552.898"
192.168.1.27 - - [25/May/2025:23:41:51 +0300] "DELETE /home HTTP/1.1" 200 1762 "https://www.facebook.com/" "Mozilla/5.0 (Windows NT 6.1; WOW64; Trident/7.0; AS; rv:11.0) like Gecko"
192.168.1.6 - - [25/May/2025:23:41:51 +0300] "GET /news HTTP/1.1" 403 117 "-" "Mozilla/5.0 (Windows NT 10.0; Win64; x64; rv:54.0) Gecko/20100101 Firefox/54.0"
192.168.1.44 - - [25/May/2025:23:41:51 +0300] "GET /login HTTP/1.1" 301 3014 "https://www.google.com/" "Mozilla/5.0 (Windows NT 10.0; Win64; x64) AppleWebKit/537.36 (KHTML, like Gecko) Chrome/58.0.3029.110 Safari/537.36"
192.168.1.35 - - [25/May/2025:23:41:51 +0300] "DELETE /home HTTP/1.1" 302 934 "https://www.facebook.com/" "Mozilla/5.0 (Windows NT 10.0; Win64; x64) AppleWebKit/537.36 (KHTML, like Gecko) Chrome/62.0.3202.94 Safari/537.36"
192.168.1.27 - - [25/May/2025:23:41:51 +0300] "POST /blog HTTP/1.1" 400 9910 "https://www.facebook.com/" "Mozilla/5.0 (Windows NT 6.1; WOW64; Trident/7.0; AS; rv:11.0) like Gecko"
192.168.1.17 - - [25/May/2025:23:41:51 +0300] "POST /news HTTP/1.1" 403 2983 "https://www.facebook.com/" "Mozilla/5.0 (Windows NT 10.0; WOW64) AppleWebKit/537.36 (KHTML, like Gecko) Chrome/58.0.3029.110 Safari/537.36 OPR/45.0.2552.898"
192.168.1.23 - - [25/May/2025:23:41:51 +0300] "GET /home HTTP/1.1" 500 8700 "-" "Mozilla/5.0 (Windows NT 10.0; WOW64) AppleWebKit/537.36 (KHTML, like Gecko) Chrome/58.0.3029.110 Safari/537.36 OPR/45.0.2552.898"
192.168.1.8 - - [25/May/2025:23:41:51 +0300] "DELETE /home HTTP/1.1" 404 4970 "https://www.google.com/" "Mozilla/5.0 (Windows NT 10.0; WOW64) AppleWebKit/537.36 (KHTML, like Gecko) Chrome/58.0.3029.110 Safari/537.36 OPR/45.0.2552.898"
192.168.1.48 - - [25/May/2025:23:41:51 +0300] "POST /login HTTP/1.1" 302 5210 "https://www.facebook.com/" "Mozilla/5.0 (Windows NT 6.1; WOW64; Trident/7.0; AS; rv:11.0) like Gecko"
192.168.1.24 - - [25/May/2025:23:41:51 +0300] "POST /register HTTP/1.1" 400 8590 "https://www.google.com/" "Mozilla/5.0 (Windows NT 10.0; Win64; x64) AppleWebKit/537.36 (KHTML, like Gecko) Chrome/58.0.3029.110 Safari/537.36"
2001:db8:0:1:0:0:0:4 - - [25/May/2025:23:41:51 +0300] "DELETE /blog HTTP/1.1" 201 1894 "https://www.mysite.com/" "Mozilla/5.0 (Windows NT 6.1; WOW64; Trident/7.0; AS; rv:11.0) like Gecko"
192.168.1.12 - - [25/May/2025:23:41:51 +0300] "PUT /about HTTP/1.1" 204 9459 "https://www.mysite.com/" "Mozilla/5.0 (Windows NT 6.1; WOW64; rv:54.0) Gecko/20100101 Firefox/54.0"
192.168.1.11 - - [25/May/2025:23:41:51 +0300] "GET /register HTTP/1.1" 302 1860 "https://www.facebook.com/" "Mozilla/5.0 (Windows NT 6.1; WOW64; Trident/7.0; AS; rv:11.0) like Gecko"
192.168.1.50 - - [25/May/2025:23:41:51 +0300] "POST /login HTTP/1.1" 302 8788 "-" "Mozilla/5.0 (Windows NT 10.0; Win64; x64; rv:54.0) Gecko/20100101 Firefox/54.0"
192.168.1.30 - - [25/May/2025:23:41:51 +0300] "DELETE /home HTTP/1.1" 302 1321 "https://www.example.com/" "Mozilla/5.0 (Windows NT 10.0; WOW64) AppleWebKit/537.36 (KHTML, like Gecko) Chrome/58.0.3029.110 Safari/537.36 OPR/45.0.2552.898"
192.168.1.41 - - [25/May/2025:23:41:51 +0300] "GET /home HTTP/1.1" 400 9657 "https://www.google.com/" "Mozilla/5.0 (Windows NT 6.1; WOW64; rv:54.0) Gecko/20100101 Firefox/54.0"
192.168.1.11 - - [25/May/2025:23:41:51 +0300] "DELETE /blog HTTP/1.1" 201 4934 "https://www.mysite.com/" "Mozilla/5.0 (Windows NT 6.1; WOW64; Trident/7.0; AS; rv:11.0) like Gecko"
192.168.1.13 - - [25/May/2025:23:41:51 +0300] "POST /register HTTP/1.1" 404 9207 "https://www.google.com/" "Mozilla/5.0 (Windows NT 10.0; Win64; x64) AppleWebKit/537.36 (KHTML, like Gecko) Chrome/58.0.3029.110 Safari/537.36"
2001:db8:0:1:0:0:0:e - - [25/May/2025:23:41:51 +0300] "POST /home HTTP/1.1" 302 5218 "https://www.example.com/" "Mozilla/5.0 (Windows NT 6.1; WOW64; Trident/7.0; AS; rv:11.0) like Gecko"
192.168.1.7 - - [25/May/2025:23:41:51 +0300] "DELETE /register HTTP/1.1" 200 2823 "https://www.example.com/" "Mozilla/5.0 (Windows NT 6.1; WOW64; Trident/7.0; AS; rv:11.0) like Gecko"
192.168.1.23 - - [25/May/2025:23:41:51 +0300] "POST /blog HTTP/1.1" 201 9261 "https://www.facebook.com/" "Mozilla/5.0 (Windows NT 10.0; Win64; x64) AppleWebKit/537.36 (KHTML, like Gecko) Chrome/58.0.3029.110 Safari/537.36"
192.168.1.6 - - [25/May/2025:23:41:51 +0300] "DELETE /blog HTTP/1.1" 200 6761 "https://www.facebook.com/" "Mozilla/5.0 (Windows NT 10.0; Win64; x64; rv:54.0) Gecko/20100101 Firefox/54.0"
192.168.1.18 - - [25/May/2025:23:41:51 +0300] "DELETE /blog HTTP/1.1" 201 4856 "https://www.google.com/" "Mozilla/5.0 (Windows NT 10.0; Win64; x64) AppleWebKit/537.36 (KHTML, like Gecko) Chrome/62.0.3202.94 Safari/537.36"
192.168.1.13 - - [25/May/2025:23:41:51 +0300] "GET /blog HTTP/1.1" 500 2754 "https://www.facebook.com/" "Mozilla/5.0 (Windows NT 10.0; WOW64) AppleWebKit/537.36 (KHTML, like Gecko) Chrome/58.0.3029.110 Safari/537.36 OPR/45.0.2552.898"
2001:db8:0:1:0:0:0:5 - - [25/May/2025:23:41:51 +0300] "PUT /register HTTP/1.1" 400 3528 "https://www.facebook.com/" "Mozilla/5.0 (Windows NT 10.0; Win64; x64) AppleWebKit/537.36 (KHTML, like Gecko) Chrome/62.0.3202.94 Safari/537.36"
192.168.1.47 - - [25/May/2025:23:41:51 +0300] "POST /home HTTP/1.1" 400 7702 "https://www.mysite.com/" "Mozilla/5.0 (Windows NT 6.1; WOW64; Trident/7.0; AS; rv:11.0) like Gecko"
192.168.1.5 - - [25/May/2025:23:41:51 +0300] "GET /blog HTTP/1.1" 400 4195 "-" "Mozilla/5.0 (Windows NT 10.0; Win64; x64; rv:54.0) Gecko/20100101 Firefox/54.0"
192.168.1.8 - - [25/May/2025:23:41:51 +0300] "DELETE /home HTTP/1.1" 200 386 "https://www.facebook.com/" "Mozilla/5.0 (Windows NT 10.0; Win64; x64) AppleWebKit/537.36 (KHTML, like Gecko) Chrome/62.0.3202.94 Safari/537.36"
192.168.1.36 - - [25/May/2025:23:41:51 +0300] "GET /posts HTTP/1.1" 404 1062 "https://www.facebook.com/" "Mozilla/5.0 (Windows NT 10.0; Win64; x64) AppleWebKit/537.36 (KHTML, like Gecko) Chrome/62.0.3202.94 Safari/537.36"
192.168.1.34 - - [25/May/2025:23:41:51 +0300] "DELETE /posts HTTP/1.1" 400 3554 "https://www.google.com/" "Mozilla/5.0 (Windows NT 10.0; WOW64) AppleWebKit/537.36 (KHTML, like Gecko) Chrome/58.0.3029.110 Safari/537.36 OPR/45.0.2552.898"
192.168.1.28 - - [25/May/2025:23:41:51 +0300] "POST /posts HTTP/1.1" 201 1127 "https://www.example.com/" "Mozilla/5.0 (Windows NT 6.1; WOW64; Trident/7.0; AS; rv:11.0) like Gecko"
192.168.1.38 - - [25/May/2025:23:41:51 +0300] "POST /home HTTP/1.1" 401 3932 "https://www.example.com/" "Mozilla/5.0 (Windows NT 10.0; Win64; x64; rv:54.0) Gecko/20100101 Firefox/54.0"
192.168.1.49 - - [25/May/2025:23:41:51 +0300] "DELETE /register HTTP/1.1" 204 4063 "-" "Mozilla/5.0 (Windows NT 6.1; WOW64; Trident/7.0; AS; rv:11.0) like Gecko"
2001:db8:0:1:0:0:0:5 - - [25/May/2025:23:41:51 +0300] "POST /blog HTTP/1.1" 401 6753 "https://www.example.com/" "Mozilla/5.0 (Windows NT 10.0; Win64; x64) AppleWebKit/537.36 (KHTML, like Gecko) Chrome/58.0.3029.110 Safari/537.36"
2001:db8:0:1:0:0:0:1 - - [25/May/2025:23:41:51 +0300] "PUT /login HTTP/1.1" 500 8522 "-" "Mozilla/5.0 (Windows NT 10.0; WOW64) AppleWebKit/537.36 (KHTML, like Gecko) Chrome/58.0.3029.110 Safari/537.36 OPR/45.0.2552.898"
192.168.1.34 - - [25/May/2025:23:41:51 +0300] "GET /posts HTTP/1.1" 404 5195 "https://www.google.com/" "Mozilla/5.0 (Windows NT 10.0; Win64; x64) AppleWebKit/537.36 (KHTML, like Gecko) Chrome/62.0.3202.94 Safari/537.36"
192.168.1.9 - - [25/May/2025:23:41:51 +0300] "POST /register HTTP/1.1" 201 6553 "-" "Mozilla/5.0 (Windows NT 10.0; WOW64) AppleWebKit/537.36 (KHTML, like Gecko) Chrome/58.0.3029.110 Safari/537.36 OPR/45.0.2552.898"
192.168.1.8 - - [25/May/2025:23:41:51 +0300] "GET /register HTTP/1.1" 301 5444 "https://www.facebook.com/" "Mozilla/5.0 (Windows NT 10.0; Win64; x64; rv:54.0) Gecko/20100101 Firefox/54.0"
2001:db8:0:1:0:0:0:5 - - [25/May/2025:23:41:51 +0300] "DELETE /home HTTP/1.1" 302 3126 "https://www.mysite.com/" "Mozilla/5.0 (Windows NT 6.1; WOW64; rv:54.0) Gecko/20100101 Firefox/54.0"
192.168.1.49 - - [25/May/2025:23:41:51 +0300] "GET /news HTTP/1.1" 404 6426 "https://www.example.com/" "Mozilla/5.0 (Windows NT 6.1; WOW64; Trident/7.0; AS; rv:11.0) like Gecko"
192.168.1.31 - - [25/May/2025:23:41:51 +0300] "PUT /news HTTP/1.1" 204 9528 "https://www.mysite.com/" "Mozilla/5.0 (Windows NT 6.1; WOW64; Trident/7.0; AS; rv:11.0) like Gecko"
192.168.1.48 - - [25/May/2025:23:41:51 +0300] "GET /home HTTP/1.1" 201 5004 "https://www.facebook.com/" "Mozilla/5.0 (Windows NT 10.0; Win64; x64) AppleWebKit/537.36 (KHTML, like Gecko) Chrome/58.0.3029.110 Safari/537.36"
192.168.1.24 - - [25/May/2025:23:41:51 +0300] "DELETE /login HTTP/1.1" 302 9593 "-" "Mozilla/5.0 (Windows NT 10.0; Win64; x64) AppleWebKit/537.36 (KHTML, like Gecko) Chrome/62.0.3202.94 Safari/537.36"
2001:db8:0:1:0:0:0:e - - [25/May/2025:23:41:51 +0300] "GET /blog HTTP/1.1" 204 9868 "-" "Mozilla/5.0 (Windows NT 10.0; Win64; x64) AppleWebKit/537.36 (KHTML, like Gecko) Chrome/58.0.3029.110 Safari/537.36"
2001:db8:0:1:0:0:0:d - - [25/May/2025:23:41:51 +0300] "DELETE /blog HTTP/1.1" 200 4561 "https://www.example.com/" "Mozilla/5.0 (Windows NT 10.0; Win64; x64) AppleWebKit/537.36 (KHTML, like Gecko) Chrome/62.0.3202.94 Safari/537.36"
192.168.1.39 - - [25/May/2025:23:41:51 +0300] "DELETE /login HTTP/1.1" 204 8842 "-" "Mozilla/5.0 (Windows NT 10.0; Win64; x64) AppleWebKit/537.36 (KHTML, like Gecko) Chrome/62.0.3202.94 Safari/537.36"
192.168.1.19 - - [25/May/2025:23:41:51 +0300] "GET /blog HTTP/1.1" 401 2103 "https://www.example.com/" "Mozilla/5.0 (Windows NT 6.1; WOW64; Trident/7.0; AS; rv:11.0) like Gecko"
192.168.1.38 - - [25/May/2025:23:41:51 +0300] "POST /register HTTP/1.1" 500 6983 "-" "Mozilla/5.0 (Windows NT 10.0; Win64; x64; rv:54.0) Gecko/20100101 Firefox/54.0"
2001:db8:0:1:0:0:0:c - - [25/May/2025:23:41:51 +0300] "PUT /register HTTP/1.1" 301 8728 "https://www.example.com/" "Mozilla/5.0 (Windows NT 10.0; Win64; x64) AppleWebKit/537.36 (KHTML, like Gecko) Chrome/58.0.3029.110 Safari/537.36"
2001:db8:0:1:0:0:0:b - - [25/May/2025:23:41:51 +0300] "GET /login HTTP/1.1" 401 3170 "https://www.example.com/" "Mozilla/5.0 (Windows NT 10.0; Win64; x64) AppleWebKit/537.36 (KHTML, like Gecko) Chrome/58.0.3029.110 Safari/537.36"
192.168.1.12 - - [25/May/2025:23:41:51 +0300] "DELETE /about HTTP/1.1" 404 2341 "https://www.facebook.com/" "Mozilla/5.0 (Windows NT 10.0; WOW64) AppleWebKit/537.36 (KHTML, like Gecko) Chrome/58.0.3029.110 Safari/537.36 OPR/45.0.2552.898"
192.168.1.30 - - [25/May/2025:23:41:51 +0300] "PUT /register HTTP/1.1" 403 1008 "-" "Mozilla/5.0 (Windows NT 6.1; WOW64; Trident/7.0; AS; rv:11.0) like Gecko"
192.168.1.36 - - [25/May/2025:23:41:51 +0300] "POST /posts HTTP/1.1" 400 3528 "https://www.google.com/" "Mozilla/5.0 (Windows NT 10.0; Win64; x64) AppleWebKit/537.36 (KHTML, like Gecko) Chrome/62.0.3202.94 Safari/537.36"
192.168.1.15 - - [25/May/2025:23:41:51 +0300] "POST /posts HTTP/1.1" 201 3887 "https://www.mysite.com/" "Mozilla/5.0 (Windows NT 10.0; WOW64) AppleWebKit/537.36 (KHTML, like Gecko) Chrome/58.0.3029.110 Safari/537.36 OPR/45.0.2552.898"
192.168.1.35 - - [25/May/2025:23:41:51 +0300] "POST /posts HTTP/1.1" 404 1968 "https://www.facebook.com/" "Mozilla/5.0 (Windows NT 10.0; Win64; x64) AppleWebKit/537.36 (KHTML, like Gecko) Chrome/58.0.3029.110 Safari/537.36"
192.168.1.21 - - [25/May/2025:23:41:51 +0300] "POST /about HTTP/1.1" 200 194 "https://www.example.com/" "Mozilla/5.0 (Windows NT 6.1; WOW64; Trident/7.0; AS; rv:11.0) like Gecko"
192.168.1.23 - - [25/May/2025:23:41:51 +0300] "PUT /about HTTP/1.1" 401 4712 "https://www.google.com/" "Mozilla/5.0 (Windows NT 6.1; WOW64; Trident/7.0; AS; rv:11.0) like Gecko"
192.168.1.47 - - [25/May/2025:23:41:51 +0300] "DELETE /blog HTTP/1.1" 400 6219 "https://www.google.com/" "Mozilla/5.0 (Windows NT 10.0; Win64; x64) AppleWebKit/537.36 (KHTML, like Gecko) Chrome/58.0.3029.110 Safari/537.36"
192.168.1.11 - - [25/May/2025:23:41:51 +0300] "PUT /home HTTP/1.1" 500 7712 "https://www.google.com/" "Mozilla/5.0 (Windows NT 10.0; WOW64) AppleWebKit/537.36 (KHTML, like Gecko) Chrome/58.0.3029.110 Safari/537.36 OPR/45.0.2552.898"
192.168.1.2 - - [25/May/2025:23:41:51 +0300] "GET /about HTTP/1.1" 201 6561 "https://www.google.com/" "Mozilla/5.0 (Windows NT 10.0; Win64; x64; rv:54.0) Gecko/20100101 Firefox/54.0"
2001:db8:0:1:0:0:0:5 - - [25/May/2025:23:41:51 +0300] "GET /posts HTTP/1.1" 302 985 "-" "Mozilla/5.0 (Windows NT 6.1; WOW64; Trident/7.0; AS; rv:11.0) like Gecko"
192.168.1.35 - - [25/May/2025:23:41:51 +0300] "GET /blog HTTP/1.1" 404 7915 "https://www.google.com/" "Mozilla/5.0 (Windows NT 10.0; Win64; x64) AppleWebKit/537.36 (KHTML, like Gecko) Chrome/58.0.3029.110 Safari/537.36"
192.168.1.48 - - [25/May/2025:23:41:51 +0300] "DELETE /home HTTP/1.1" 403 5895 "-" "Mozilla/5.0 (Windows NT 10.0; WOW64) AppleWebKit/537.36 (KHTML, like Gecko) Chrome/58.0.3029.110 Safari/537.36 OPR/45.0.2552.898"
192.168.1.37 - - [25/May/2025:23:41:51 +0300] "DELETE /blog HTTP/1.1" 302 9640 "https://www.mysite.com/" "Mozilla/5.0 (Windows NT 10.0; Win64; x64) AppleWebKit/537.36 (KHTML, like Gecko) Chrome/58.0.3029.110 Safari/537.36"
2001:db8:0:1:0:0:0:5 - - [25/May/2025:23:41:51 +0300] "GET /about HTTP/1.1" 200 3995 "https://www.mysite.com/" "Mozilla/5.0 (Windows NT 10.0; WOW64) AppleWebKit/537.36 (KHTML, like Gecko) Chrome/58.0.3029.110 Safari/537.36 OPR/45.0.2552.898"
192.168.1.44 - - [25/May/2025:23:41:51 +0300] "GET /register HTTP/1.1" 404 7221 "https://www.google.com/" "Mozilla/5.0 (Windows NT 10.0; Win64; x64; rv:54.0) Gecko/20100101 Firefox/54.0"
192.168.1.38 - - [25/May/2025:23:41:51 +0300] "PUT /home HTTP/1.1" 201 2036 "https://www.facebook.com/" "Mozilla/5.0 (Windows NT 6.1; WOW64; Trident/7.0; AS; rv:11.0) like Gecko"
192.168.1.42 - - [25/May/2025:23:41:51 +0300] "DELETE /news HTTP/1.1" 400 8672 "https://www.google.com/" "Mozilla/5.0 (Windows NT 6.1; WOW64; rv:54.0) Gecko/20100101 Firefox/54.0"
2001:db8:0:1:0:0:0:7 - - [25/May/2025:23:41:51 +0300] "POST /news HTTP/1.1" 201 7771 "https://www.google.com/" "Mozilla/5.0 (Windows NT 10.0; Win64; x64) AppleWebKit/537.36 (KHTML, like Gecko) Chrome/62.0.3202.94 Safari/537.36"
192.168.1.44 - - [25/May/2025:23:41:51 +0300] "POST /about HTTP/1.1" 500 7549 "https://www.google.com/" "Mozilla/5.0 (Windows NT 10.0; Win64; x64; rv:54.0) Gecko/20100101 Firefox/54.0"
192.168.1.24 - - [25/May/2025:23:41:51 +0300] "PUT /home HTTP/1.1" 401 1502 "https://www.example.com/" "Mozilla/5.0 (Windows NT 10.0; Win64; x64; rv:54.0) Gecko/20100101 Firefox/54.0"
192.168.1.29 - - [25/May/2025:23:41:51 +0300] "DELETE /login HTTP/1.1" 401 806 "https://www.facebook.com/" "Mozilla/5.0 (Windows NT 10.0; WOW64) AppleWebKit/537.36 (KHTML, like Gecko) Chrome/58.0.3029.110 Safari/537.36 OPR/45.0.2552.898"
192.168.1.38 - - [25/May/2025:23:41:51 +0300] "PUT /about HTTP/1.1" 403 1617 "https://www.example.com/" "Mozilla/5.0 (Windows NT 6.1; WOW64; Trident/7.0; AS; rv:11.0) like Gecko"
2001:db8:0:1:0:0:0:e - - [25/May/2025:23:41:51 +0300] "DELETE /about HTTP/1.1" 500 4257 "https://www.facebook.com/" "Mozilla/5.0 (Windows NT 10.0; Win64; x64) AppleWebKit/537.36 (KHTML, like Gecko) Chrome/62.0.3202.94 Safari/537.36"
192.168.1.36 - - [25/May/2025:23:41:51 +0300] "PUT /home HTTP/1.1" 200 3606 "https://www.example.com/" "Mozilla/5.0 (Windows NT 10.0; WOW64) AppleWebKit/537.36 (KHTML, like Gecko) Chrome/58.0.3029.110 Safari/537.36 OPR/45.0.2552.898"
192.168.1.30 - - [25/May/2025:23:41:51 +0300] "DELETE /news HTTP/1.1" 201 1699 "https://www.google.com/" "Mozilla/5.0 (Windows NT 6.1; WOW64; Trident/7.0; AS; rv:11.0) like Gecko"
2001:db8:0:1:0:0:0:d - - [25/May/2025:23:41:51 +0300] "DELETE /about HTTP/1.1" 400 4264 "-" "Mozilla/5.0 (Windows NT 6.1; WOW64; Trident/7.0; AS; rv:11.0) like Gecko"
192.168.1.3 - - [25/May/2025:23:41:51 +0300] "PUT /blog HTTP/1.1" 403 6384 "https://www.facebook.com/" "Mozilla/5.0 (Windows NT 6.1; WOW64; rv:54.0) Gecko/20100101 Firefox/54.0"
192.168.1.42 - - [25/May/2025:23:41:51 +0300] "PUT /blog HTTP/1.1" 201 530 "https://www.facebook.com/" "Mozilla/5.0 (Windows NT 10.0; Win64; x64; rv:54.0) Gecko/20100101 Firefox/54.0"
192.168.1.41 - - [25/May/2025:23:41:51 +0300] "GET /about HTTP/1.1" 302 7936 "https://www.example.com/" "Mozilla/5.0 (Windows NT 6.1; WOW64; rv:54.0) Gecko/20100101 Firefox/54.0"
192.168.1.15 - - [25/May/2025:23:41:51 +0300] "GET /posts HTTP/1.1" 400 6614 "https://www.mysite.com/" "Mozilla/5.0 (Windows NT 10.0; Win64; x64) AppleWebKit/537.36 (KHTML, like Gecko) Chrome/58.0.3029.110 Safari/537.36"
192.168.1.3 - - [25/May/2025:23:41:51 +0300] "PUT /register HTTP/1.1" 302 8968 "-" "Mozilla/5.0 (Windows NT 10.0; WOW64) AppleWebKit/537.36 (KHTML, like Gecko) Chrome/58.0.3029.110 Safari/537.36 OPR/45.0.2552.898"
2001:db8:0:1:0:0:0:a - - [25/May/2025:23:41:51 +0300] "POST /register HTTP/1.1" 400 7868 "https://www.mysite.com/" "Mozilla/5.0 (Windows NT 10.0; WOW64) AppleWebKit/537.36 (KHTML, like Gecko) Chrome/58.0.3029.110 Safari/537.36 OPR/45.0.2552.898"
192.168.1.39 - - [25/May/2025:23:41:51 +0300] "POST /login HTTP/1.1" 200 4072 "https://www.mysite.com/" "Mozilla/5.0 (Windows NT 10.0; Win64; x64) AppleWebKit/537.36 (KHTML, like Gecko) Chrome/62.0.3202.94 Safari/537.36"
192.168.1.25 - - [25/May/2025:23:41:51 +0300] "PUT /blog HTTP/1.1" 401 4123 "https://www.example.com/" "Mozilla/5.0 (Windows NT 10.0; Win64; x64; rv:54.0) Gecko/20100101 Firefox/54.0"
192.168.1.8 - - [25/May/2025:23:41:51 +0300] "PUT /register HTTP/1.1" 200 9727 "https://www.mysite.com/" "Mozilla/5.0 (Windows NT 6.1; WOW64; Trident/7.0; AS; rv:11.0) like Gecko"
192.168.1.49 - - [25/May/2025:23:41:51 +0300] "PUT /blog HTTP/1.1" 500 7644 "https://www.example.com/" "Mozilla/5.0 (Windows NT 6.1; WOW64; rv:54.0) Gecko/20100101 Firefox/54.0"
192.168.1.46 - - [25/May/2025:23:41:51 +0300] "GET /posts HTTP/1.1" 201 8182 "https://www.mysite.com/" "Mozilla/5.0 (Windows NT 10.0; Win64; x64; rv:54.0) Gecko/20100101 Firefox/54.0"
192.168.1.11 - - [25/May/2025:23:41:51 +0300] "GET /login HTTP/1.1" 201 2250 "https://www.example.com/" "Mozilla/5.0 (Windows NT 6.1; WOW64; rv:54.0) Gecko/20100101 Firefox/54.0"
2001:db8:0:1:0:0:0:7 - - [25/May/2025:23:41:51 +0300] "PUT /blog HTTP/1.1" 301 9056 "https://www.google.com/" "Mozilla/5.0 (Windows NT 6.1; WOW64; rv:54.0) Gecko/20100101 Firefox/54.0"
192.168.1.8 - - [25/May/2025:23:41:51 +0300] "PUT /home HTTP/1.1" 201 9241 "https://www.example.com/" "Mozilla/5.0 (Windows NT 10.0; Win64; x64) AppleWebKit/537.36 (KHTML, like Gecko) Chrome/58.0.3029.110 Safari/537.36"
192.168.1.1 - - [25/May/2025:23:41:51 +0300] "PUT /posts HTTP/1.1" 401 2820 "https://www.facebook.com/" "Mozilla/5.0 (Windows NT 6.1; WOW64; Trident/7.0; AS; rv:11.0) like Gecko"
2001:db8:0:1:0:0:0:a - - [25/May/2025:23:41:51 +0300] "DELETE /register HTTP/1.1" 403 548 "https://www.mysite.com/" "Mozilla/5.0 (Windows NT 10.0; Win64; x64; rv:54.0) Gecko/20100101 Firefox/54.0"
192.168.1.17 - - [25/May/2025:23:41:51 +0300] "POST /about HTTP/1.1" 404 9099 "https://www.example.com/" "Mozilla/5.0 (Windows NT 10.0; Win64; x64; rv:54.0) Gecko/20100101 Firefox/54.0"
2001:db8:0:1:0:0:0:8 - - [25/May/2025:23:41:51 +0300] "GET /about HTTP/1.1" 204 7661 "https://www.google.com/" "Mozilla/5.0 (Windows NT 10.0; WOW64) AppleWebKit/537.36 (KHTML, like Gecko) Chrome/58.0.3029.110 Safari/537.36 OPR/45.0.2552.898"
192.168.1.8 - - [25/May/2025:23:41:51 +0300] "PUT /blog HTTP/1.1" 404 521 "https://www.facebook.com/" "Mozilla/5.0 (Windows NT 10.0; WOW64) AppleWebKit/537.36 (KHTML, like Gecko) Chrome/58.0.3029.110 Safari/537.36 OPR/45.0.2552.898"
2001:db8:0:1:0:0:0:5 - - [25/May/2025:23:41:51 +0300] "PUT /home HTTP/1.1" 401 2242 "https://www.google.com/" "Mozilla/5.0 (Windows NT 10.0; Win64; x64) AppleWebKit/537.36 (KHTML, like Gecko) Chrome/58.0.3029.110 Safari/537.36"
2001:db8:0:1:0:0:0:1 - - [25/May/2025:23:41:51 +0300] "PUT /news HTTP/1.1" 201 8298 "https://www.example.com/" "Mozilla/5.0 (Windows NT 10.0; Win64; x64) AppleWebKit/537.36 (KHTML, like Gecko) Chrome/62.0.3202.94 Safari/537.36"
192.168.1.50 - - [25/May/2025:23:41:51 +0300] "POST /blog HTTP/1.1" 204 4371 "https://www.mysite.com/" "Mozilla/5.0 (Windows NT 6.1; WOW64; rv:54.0) Gecko/20100101 Firefox/54.0"
192.168.1.45 - - [25/May/2025:23:41:51 +0300] "POST /blog HTTP/1.1" 301 3703 "https://www.example.com/" "Mozilla/5.0 (Windows NT 10.0; WOW64) AppleWebKit/537.36 (KHTML, like Gecko) Chrome/58.0.3029.110 Safari/537.36 OPR/45.0.2552.898"
2001:db8:0:1:0:0:0:2 - - [25/May/2025:23:41:51 +0300] "POST /register HTTP/1.1" 302 8013 "https://www.mysite.com/" "Mozilla/5.0 (Windows NT 10.0; Win64; x64) AppleWebKit/537.36 (KHTML, like Gecko) Chrome/62.0.3202.94 Safari/537.36"
192.168.1.41 - - [25/May/2025:23:41:51 +0300] "DELETE /blog HTTP/1.1" 302 9073 "https://www.google.com/" "Mozilla/5.0 (Windows NT 6.1; WOW64; rv:54.0) Gecko/20100101 Firefox/54.0"
192.168.1.21 - - [25/May/2025:23:41:51 +0300] "PUT /news HTTP/1.1" 201 7179 "https://www.example.com/" "Mozilla/5.0 (Windows NT 10.0; Win64; x64) AppleWebKit/537.36 (KHTML, like Gecko) Chrome/62.0.3202.94 Safari/537.36"
192.168.1.48 - - [25/May/2025:23:41:51 +0300] "PUT /posts HTTP/1.1" 302 7448 "-" "Mozilla/5.0 (Windows NT 10.0; WOW64) AppleWebKit/537.36 (KHTML, like Gecko) Chrome/58.0.3029.110 Safari/537.36 OPR/45.0.2552.898"
192.168.1.2 - - [25/May/2025:23:41:51 +0300] "PUT /blog HTTP/1.1" 204 3366 "https://www.google.com/" "Mozilla/5.0 (Windows NT 6.1; WOW64; Trident/7.0; AS; rv:11.0) like Gecko"
192.168.1.20 - - [25/May/2025:23:41:51 +0300] "GET /blog HTTP/1.1" 302 2863 "https://www.facebook.com/" "Mozilla/5.0 (Windows NT 6.1; WOW64; Trident/7.0; AS; rv:11.0) like Gecko"
192.168.1.40 - - [25/May/2025:23:41:51 +0300] "PUT /about HTTP/1.1" 201 8326 "https://www.google.com/" "Mozilla/5.0 (Windows NT 10.0; Win64; x64) AppleWebKit/537.36 (KHTML, like Gecko) Chrome/58.0.3029.110 Safari/537.36"
192.168.1.47 - - [25/May/2025:23:41:51 +0300] "POST /posts HTTP/1.1" 301 5563 "https://www.facebook.com/" "Mozilla/5.0 (Windows NT 6.1; WOW64; rv:54.0) Gecko/20100101 Firefox/54.0"
192.168.1.28 - - [25/May/2025:23:41:51 +0300] "PUT /login HTTP/1.1" 404 9051 "https://www.facebook.com/" "Mozilla/5.0 (Windows NT 10.0; Win64; x64) AppleWebKit/537.36 (KHTML, like Gecko) Chrome/58.0.3029.110 Safari/537.36"
192.168.1.13 - - [25/May/2025:23:41:51 +0300] "PUT /blog HTTP/1.1" 403 2038 "https://www.facebook.com/" "Mozilla/5.0 (Windows NT 6.1; WOW64; rv:54.0) Gecko/20100101 Firefox/54.0"
2001:db8:0:1:0:0:0:8 - - [25/May/2025:23:41:51 +0300] "GET /blog HTTP/1.1" 200 4080 "https://www.facebook.com/" "Mozilla/5.0 (Windows NT 10.0; WOW64) AppleWebKit/537.36 (KHTML, like Gecko) Chrome/58.0.3029.110 Safari/537.36 OPR/45.0.2552.898"
192.168.1.40 - - [25/May/2025:23:41:51 +0300] "GET /about HTTP/1.1" 404 2638 "https://www.facebook.com/" "Mozilla/5.0 (Windows NT 10.0; Win64; x64) AppleWebKit/537.36 (KHTML, like Gecko) Chrome/58.0.3029.110 Safari/537.36"
192.168.1.7 - - [25/May/2025:23:41:51 +0300] "PUT /news HTTP/1.1" 403 4452 "https://www.example.com/" "Mozilla/5.0 (Windows NT 10.0; Win64; x64; rv:54.0) Gecko/20100101 Firefox/54.0"
192.168.1.5 - - [25/May/2025:23:41:51 +0300] "PUT /about HTTP/1.1" 302 8689 "https://www.example.com/" "Mozilla/5.0 (Windows NT 10.0; Win64; x64) AppleWebKit/537.36 (KHTML, like Gecko) Chrome/62.0.3202.94 Safari/537.36"
192.168.1.28 - - [25/May/2025:23:41:51 +0300] "PUT /blog HTTP/1.1" 200 4215 "-" "Mozilla/5.0 (Windows NT 10.0; Win64; x64; rv:54.0) Gecko/20100101 Firefox/54.0"
192.168.1.19 - - [25/May/2025:23:41:51 +0300] "POST /news HTTP/1.1" 400 6983 "-" "Mozilla/5.0 (Windows NT 10.0; Win64; x64) AppleWebKit/537.36 (KHTML, like Gecko) Chrome/62.0.3202.94 Safari/537.36"
192.168.1.19 - - [25/May/2025:23:41:51 +0300] "GET /news HTTP/1.1" 403 3371 "https://www.google.com/" "Mozilla/5.0 (Windows NT 10.0; WOW64) AppleWebKit/537.36 (KHTML, like Gecko) Chrome/58.0.3029.110 Safari/537.36 OPR/45.0.2552.898"
192.168.1.36 - - [25/May/2025:23:41:51 +0300] "POST /home HTTP/1.1" 201 3685 "https://www.example.com/" "Mozilla/5.0 (Windows NT 6.1; WOW64; rv:54.0) Gecko/20100101 Firefox/54.0"
192.168.1.29 - - [25/May/2025:23:41:51 +0300] "PUT /blog HTTP/1.1" 401 1628 "https://www.google.com/" "Mozilla/5.0 (Windows NT 6.1; WOW64; rv:54.0) Gecko/20100101 Firefox/54.0"
192.168.1.13 - - [25/May/2025:23:41:51 +0300] "GET /login HTTP/1.1" 301 3250 "https://www.google.com/" "Mozilla/5.0 (Windows NT 6.1; WOW64; rv:54.0) Gecko/20100101 Firefox/54.0"
192.168.1.24 - - [25/May/2025:23:41:51 +0300] "GET /blog HTTP/1.1" 302 6956 "https://www.example.com/" "Mozilla/5.0 (Windows NT 6.1; WOW64; Trident/7.0; AS; rv:11.0) like Gecko"
2001:db8:0:1:0:0:0:5 - - [25/May/2025:23:41:51 +0300] "GET /about HTTP/1.1" 400 8462 "https://www.facebook.com/" "Mozilla/5.0 (Windows NT 10.0; Win64; x64; rv:54.0) Gecko/20100101 Firefox/54.0"
192.168.1.35 - - [25/May/2025:23:41:51 +0300] "DELETE /register HTTP/1.1" 500 5468 "https://www.example.com/" "Mozilla/5.0 (Windows NT 10.0; WOW64) AppleWebKit/537.36 (KHTML, like Gecko) Chrome/58.0.3029.110 Safari/537.36 OPR/45.0.2552.898"
192.168.1.5 - - [25/May/2025:23:41:51 +0300] "PUT /about HTTP/1.1" 200 3562 "https://www.google.com/" "Mozilla/5.0 (Windows NT 6.1; WOW64; rv:54.0) Gecko/20100101 Firefox/54.0"
192.168.1.44 - - [25/May/2025:23:41:51 +0300] "PUT /home HTTP/1.1" 401 3994 "-" "Mozilla/5.0 (Windows NT 10.0; Win64; x64) AppleWebKit/537.36 (KHTML, like Gecko) Chrome/58.0.3029.110 Safari/537.36"
192.168.1.23 - - [25/May/2025:23:41:51 +0300] "GET /register HTTP/1.1" 200 2897 "https://www.mysite.com/" "Mozilla/5.0 (Windows NT 10.0; Win64; x64; rv:54.0) Gecko/20100101 Firefox/54.0"
2001:db8:0:1:0:0:0:2 - - [25/May/2025:23:41:51 +0300] "PUT /posts HTTP/1.1" 400 8412 "https://www.mysite.com/" "Mozilla/5.0 (Windows NT 6.1; WOW64; Trident/7.0; AS; rv:11.0) like Gecko"
192.168.1.42 - - [25/May/2025:23:41:51 +0300] "GET /login HTTP/1.1" 400 5273 "https://www.mysite.com/" "Mozilla/5.0 (Windows NT 10.0; Win64; x64; rv:54.0) Gecko/20100101 Firefox/54.0"
192.168.1.34 - - [25/May/2025:23:41:51 +0300] "GET /posts HTTP/1.1" 500 1265 "https://www.facebook.com/" "Mozilla/5.0 (Windows NT 10.0; Win64; x64; rv:54.0) Gecko/20100101 Firefox/54.0"
192.168.1.29 - - [25/May/2025:23:41:51 +0300] "DELETE /blog HTTP/1.1" 500 893 "-" "Mozilla/5.0 (Windows NT 10.0; Win64; x64) AppleWebKit/537.36 (KHTML, like Gecko) Chrome/62.0.3202.94 Safari/537.36"
2001:db8:0:1:0:0:0:1 - - [25/May/2025:23:41:51 +0300] "POST /register HTTP/1.1" 400 3475 "https://www.example.com/" "Mozilla/5.0 (Windows NT 10.0; Win64; x64) AppleWebKit/537.36 (KHTML, like Gecko) Chrome/62.0.3202.94 Safari/537.36"
192.168.1.22 - - [25/May/2025:23:41:51 +0300] "POST /home HTTP/1.1" 400 6944 "https://www.google.com/" "Mozilla/5.0 (Windows NT 10.0; WOW64) AppleWebKit/537.36 (KHTML, like Gecko) Chrome/58.0.3029.110 Safari/537.36 OPR/45.0.2552.898"
192.168.1.23 - - [25/May/2025:23:41:51 +0300] "GET /register HTTP/1.1" 200 5770 "https://www.example.com/" "Mozilla/5.0 (Windows NT 10.0; WOW64) AppleWebKit/537.36 (KHTML, like Gecko) Chrome/58.0.3029.110 Safari/537.36 OPR/45.0.2552.898"
2001:db8:0:1:0:0:0:7 - - [25/May/2025:23:41:51 +0300] "GET /home HTTP/1.1" 400 4647 "https://www.mysite.com/" "Mozilla/5.0 (Windows NT 10.0; Win64; x64; rv:54.0) Gecko/20100101 Firefox/54.0"
192.168.1.50 - - [25/May/2025:23:41:51 +0300] "POST /posts HTTP/1.1" 500 3222 "https://www.mysite.com/" "Mozilla/5.0 (Windows NT 10.0; Win64; x64) AppleWebKit/537.36 (KHTML, like Gecko) Chrome/62.0.3202.94 Safari/537.36"
192.168.1.22 - - [25/May/2025:23:41:51 +0300] "PUT /news HTTP/1.1" 204 1928 "https://www.facebook.com/" "Mozilla/5.0 (Windows NT 10.0; Win64; x64; rv:54.0) Gecko/20100101 Firefox/54.0"
192.168.1.29 - - [25/May/2025:23:41:51 +0300] "POST /register HTTP/1.1" 302 6483 "https://www.google.com/" "Mozilla/5.0 (Windows NT 10.0; Win64; x64) AppleWebKit/537.36 (KHTML, like Gecko) Chrome/62.0.3202.94 Safari/537.36"
2001:db8:0:1:0:0:0:9 - - [25/May/2025:23:41:51 +0300] "GET /about HTTP/1.1" 302 1076 "https://www.example.com/" "Mozilla/5.0 (Windows NT 10.0; WOW64) AppleWebKit/537.36 (KHTML, like Gecko) Chrome/58.0.3029.110 Safari/537.36 OPR/45.0.2552.898"
192.168.1.32 - - [25/May/2025:23:41:51 +0300] "GET /posts HTTP/1.1" 302 179 "https://www.facebook.com/" "Mozilla/5.0 (Windows NT 10.0; Win64; x64; rv:54.0) Gecko/20100101 Firefox/54.0"
192.168.1.50 - - [25/May/2025:23:41:51 +0300] "DELETE /about HTTP/1.1" 400 7417 "-" "Mozilla/5.0 (Windows NT 6.1; WOW64; Trident/7.0; AS; rv:11.0) like Gecko"
192.168.1.11 - - [25/May/2025:23:41:51 +0300] "GET /home HTTP/1.1" 302 2876 "-" "Mozilla/5.0 (Windows NT 6.1; WOW64; Trident/7.0; AS; rv:11.0) like Gecko"
192.168.1.11 - - [25/May/2025:23:41:51 +0300] "DELETE /register HTTP/1.1" 204 8633 "https://www.google.com/" "Mozilla/5.0 (Windows NT 10.0; WOW64) AppleWebKit/537.36 (KHTML, like Gecko) Chrome/58.0.3029.110 Safari/537.36 OPR/45.0.2552.898"
